Archive member included to satisfy reference by file (symbol)

C:/NXP/S32DS_Power_v2.1/S32DS/build_tools/e200_ewl2/lib/e200z4/fp\libc99.a(memcpy.o)
                              ./Sources/main.o (memcpy)
C:/NXP/S32DS_Power_v2.1/S32DS/build_tools/e200_ewl2/lib/e200z4/fp\libc99.a(memset.o)
                              ./Sources/main.o (memset)
C:/NXP/S32DS_Power_v2.1/S32DS/build_tools/e200_ewl2/lib/e200z4/fp\libc99.a(__filll_mem.o)
                              C:/NXP/S32DS_Power_v2.1/S32DS/build_tools/e200_ewl2/lib/e200z4/fp\libc99.a(memset.o) (__fill_mem)
c:/nxp/s32ds_power_v2.1/s32ds/build_tools/powerpc-eabivle-4_9/bin/../lib/gcc/powerpc-eabivle/4.9.4/e200z4/fp\libgcc.a(e200crtresxgpr.o)
                              C:/NXP/S32DS_Power_v2.1/S32DS/build_tools/e200_ewl2/lib/e200z4/fp\libc99.a(memset.o) (_restgpr_31_x)
c:/nxp/s32ds_power_v2.1/s32ds/build_tools/powerpc-eabivle-4_9/bin/../lib/gcc/powerpc-eabivle/4.9.4/e200z4/fp\libgcc.a(eabivle.o)
                              ./Sources/main.o (__eabi)

Discarded input sections

 .text          0x00000000        0x0 c:/nxp/s32ds_power_v2.1/s32ds/build_tools/powerpc-eabivle-4_9/bin/../lib/gcc/powerpc-eabivle/4.9.4/e200z4/fp/ecrti.o
 .data          0x00000000        0x0 c:/nxp/s32ds_power_v2.1/s32ds/build_tools/powerpc-eabivle-4_9/bin/../lib/gcc/powerpc-eabivle/4.9.4/e200z4/fp/ecrti.o
 .bss           0x00000000        0x0 c:/nxp/s32ds_power_v2.1/s32ds/build_tools/powerpc-eabivle-4_9/bin/../lib/gcc/powerpc-eabivle/4.9.4/e200z4/fp/ecrti.o
 .fixup         0x00000000        0x0 c:/nxp/s32ds_power_v2.1/s32ds/build_tools/powerpc-eabivle-4_9/bin/../lib/gcc/powerpc-eabivle/4.9.4/e200z4/fp/ecrti.o
 .sbss          0x00000000        0x0 c:/nxp/s32ds_power_v2.1/s32ds/build_tools/powerpc-eabivle-4_9/bin/../lib/gcc/powerpc-eabivle/4.9.4/e200z4/fp/ecrti.o
 .sbss2         0x00000000        0x0 c:/nxp/s32ds_power_v2.1/s32ds/build_tools/powerpc-eabivle-4_9/bin/../lib/gcc/powerpc-eabivle/4.9.4/e200z4/fp/ecrti.o
 .gcc_except_table
                0x00000000        0x0 c:/nxp/s32ds_power_v2.1/s32ds/build_tools/powerpc-eabivle-4_9/bin/../lib/gcc/powerpc-eabivle/4.9.4/e200z4/fp/ecrti.o
 .data          0x00000000        0x4 c:/nxp/s32ds_power_v2.1/s32ds/build_tools/powerpc-eabivle-4_9/bin/../lib/gcc/powerpc-eabivle/4.9.4/e200z4/fp/crtbegin.o
 .group         0x00000000        0x8 ./Generated_Code/CAN_1.o
 .group         0x00000000        0x8 ./Generated_Code/CAN_1.o
 .group         0x00000000        0x8 ./Generated_Code/CAN_1.o
 .group         0x00000000        0x8 ./Generated_Code/CAN_1.o
 .group         0x00000000        0x8 ./Generated_Code/CAN_1.o
 .group         0x00000000        0x8 ./Generated_Code/CAN_1.o
 .group         0x00000000        0x8 ./Generated_Code/CAN_1.o
 .group         0x00000000        0x8 ./Generated_Code/CAN_1.o
 .group         0x00000000        0x8 ./Generated_Code/CAN_1.o
 .group         0x00000000        0x8 ./Generated_Code/CAN_1.o
 .group         0x00000000        0x8 ./Generated_Code/CAN_1.o
 .group         0x00000000        0x8 ./Generated_Code/CAN_1.o
 .group         0x00000000        0x8 ./Generated_Code/CAN_1.o
 .group         0x00000000        0x8 ./Generated_Code/CAN_1.o
 .group         0x00000000        0x8 ./Generated_Code/CAN_1.o
 .group         0x00000000        0x8 ./Generated_Code/CAN_1.o
 .group         0x00000000        0x8 ./Generated_Code/CAN_1.o
 .group         0x00000000        0x8 ./Generated_Code/CAN_1.o
 .group         0x00000000        0x8 ./Generated_Code/CAN_1.o
 .group         0x00000000        0x8 ./Generated_Code/CAN_1.o
 .group         0x00000000        0x8 ./Generated_Code/CAN_1.o
 .group         0x00000000        0x8 ./Generated_Code/CAN_1.o
 .group         0x00000000        0x8 ./Generated_Code/CAN_1.o
 .group         0x00000000        0x8 ./Generated_Code/CAN_1.o
 .group         0x00000000        0x8 ./Generated_Code/CAN_1.o
 .group         0x00000000        0x8 ./Generated_Code/CAN_1.o
 .group         0x00000000        0x8 ./Generated_Code/CAN_1.o
 .group         0x00000000        0x8 ./Generated_Code/CAN_1.o
 .text          0x00000000        0x0 ./Generated_Code/CAN_1.o
 .data          0x00000000        0x0 ./Generated_Code/CAN_1.o
 .bss           0x00000000        0x0 ./Generated_Code/CAN_1.o
 .group         0x00000000        0x8 ./Generated_Code/Cpu.o
 .group         0x00000000        0x8 ./Generated_Code/Cpu.o
 .group         0x00000000        0x8 ./Generated_Code/Cpu.o
 .group         0x00000000        0x8 ./Generated_Code/Cpu.o
 .group         0x00000000        0x8 ./Generated_Code/Cpu.o
 .group         0x00000000        0x8 ./Generated_Code/Cpu.o
 .group         0x00000000        0x8 ./Generated_Code/Cpu.o
 .group         0x00000000        0x8 ./Generated_Code/Cpu.o
 .group         0x00000000        0x8 ./Generated_Code/Cpu.o
 .group         0x00000000        0x8 ./Generated_Code/Cpu.o
 .group         0x00000000        0x8 ./Generated_Code/Cpu.o
 .group         0x00000000        0x8 ./Generated_Code/Cpu.o
[...]
Memory Configuration

Name             Origin             Length             Attributes
flash_rchw       0x00fa0000         0x00000004
cpu0_reset_vec   0x00fa0010         0x00000004
cpu1_reset_vec   0x00fa0014         0x00000004
cpu2_reset_vec   0x00fa0004         0x00000004
m_text           0x01000000         0x001d0000
m_data           0x40000000         0x00040000
*default*        0x00000000         0xffffffff

Linker script and memory map

LOAD c:/nxp/s32ds_power_v2.1/s32ds/build_tools/powerpc-eabivle-4_9/bin/../lib/gcc/powerpc-eabivle/4.9.4/e200z4/fp/ecrti.o
LOAD c:/nxp/s32ds_power_v2.1/s32ds/build_tools/powerpc-eabivle-4_9/bin/../lib/gcc/powerpc-eabivle/4.9.4/e200z4/fp/crtbegin.o
LOAD ./Generated_Code/CAN_1.o
LOAD ./Generated_Code/Cpu.o
LOAD ./Generated_Code/clockMan1.o
LOAD ./Generated_Code/dmaController1.o
LOAD ./Generated_Code/pin_mux.o
LOAD ./Project_Settings/Startup_Code/core0_intc_sw_handlers.o
LOAD ./Project_Settings/Startup_Code/interrupt_vectors.o
LOAD ./Project_Settings/Startup_Code/startup_MPC5748G.o
LOAD ./SDK/platform/devices/MPC5748G/startup/system_MPC5748G.o
LOAD ./SDK/platform/devices/startup.o
LOAD ./SDK/platform/drivers/src/clock/MPC57xx/clock_MPC57xx.o
LOAD ./SDK/platform/drivers/src/edma/edma_driver.o
LOAD ./SDK/platform/drivers/src/edma/edma_hw_access.o
LOAD ./SDK/platform/drivers/src/edma/edma_irq.o
LOAD ./SDK/platform/drivers/src/flexcan/flexcan_driver.o
LOAD ./SDK/platform/drivers/src/flexcan/flexcan_hw_access.o
LOAD ./SDK/platform/drivers/src/flexcan/flexcan_irq.o
LOAD ./SDK/platform/drivers/src/interrupt/interrupt_manager_MPC57xx.o
LOAD ./SDK/platform/drivers/src/pins/siul2/pins_siul2_driver.o
LOAD ./SDK/platform/drivers/src/pins/siul2/siul2_hw_access.o
LOAD ./SDK/platform/pal/src/can/can_pal.o
LOAD ./SDK/rtos/osif/osif_baremetal.o
LOAD ./Sources/main.o
START GROUP
LOAD C:/NXP/S32DS_Power_v2.1/S32DS/build_tools/e200_ewl2/lib/e200z4/fp\libc99.a
LOAD C:/NXP/S32DS_Power_v2.1/S32DS/build_tools/e200_ewl2/lib/e200z4/fp\libm.a
LOAD c:/nxp/s32ds_power_v2.1/s32ds/build_tools/powerpc-eabivle-4_9/bin/../lib/gcc/powerpc-eabivle/4.9.4/e200z4/fp\libgcc.a
LOAD C:/NXP/S32DS_Power_v2.1/S32DS/build_tools/e200_ewl2/lib/e200z4/fp\librt.a
END GROUP
LOAD c:/nxp/s32ds_power_v2.1/s32ds/build_tools/powerpc-eabivle-4_9/bin/../lib/gcc/powerpc-eabivle/4.9.4/e200z4/fp/crtend.o
LOAD c:/nxp/s32ds_power_v2.1/s32ds/build_tools/powerpc-eabivle-4_9/bin/../lib/gcc/powerpc-eabivle/4.9.4/e200z4/fp/ecrtn.o
                0x00000000                __HEAP_SIZE = DEFINED (__heap_size__)?__heap_size__:0x0
                0x00001000                __STACK_SIZE = DEFINED (__stack_size__)?__stack_size__:0x1000
                0x01000000                FLASH_BASE_ADDR = DEFINED (__flash_base_addr__)?__flash_base_addr__:0x1000000
                0x001d0000                FLASH_SIZE = DEFINED (__flash_size__)?__flash_size__:0x1d0000
                0x40000000                SRAM_BASE_ADDR = DEFINED (__sram_base_addr__)?__sram_base_addr__:0x40000000
                0x00040000                SRAM_SIZE = DEFINED (__sram_size__)?__sram_size__:0x40000

.rchw           0x00fa0000        0x4
 *(.rchw)
 .rchw          0x00fa0000        0x4 ./Project_Settings/Startup_Code/startup_MPC5748G.o

.cpu0_reset_vector
                0x00fa0010        0x4
 *(.cpu0_reset_vector)
 .cpu0_reset_vector
                0x00fa0010        0x4 ./Project_Settings/Startup_Code/startup_MPC5748G.o

.cpu1_reset_vector
 *(.cpu1_reset_vector)

.cpu2_reset_vector
 *(.cpu2_reset_vector)

.startup        0x01000000      0x168
                0x01000000                __start = .
 *(.startup)
 .startup       0x01000000      0x168 ./Project_Settings/Startup_Code/startup_MPC5748G.o
                0x01000000                Reset_Handler
                0x01000000                _start

.core_exceptions_table
                0x01001000       0xb4
                0x01001000                __IVPR_VALUE = .
 *(.core_exceptions_table)
 .core_exceptions_table
                0x01001000       0xb4 ./Project_Settings/Startup_Code/interrupt_vectors.o
                0x01001000                IVOR0_Vector
                0x01001000                VTABLE
                0x01001010                IVOR1_Vector
                0x01001020                IVOR2_Vector
                0x01001030                IVOR3_Vector
                0x01001040                IVOR4_Vector
                0x01001050                IVOR5_Vector
                0x01001060                IVOR6_Vector
                0x01001070                IVOR35_Vector
                0x01001080                IVOR8_Vector
                0x01001090                IVOR15_Vector
                0x010010a0                IVOR33_Vector
                0x010010b0                IVOR34_Vector

.intc_vector_table
                0x01002000      0xbcc
                0x01002000                __VECTOR_TABLE = .
                0x01002000                __interrupts_start__ = .
 *(.intc_vector_table)
 .intc_vector_table
                0x01002000      0xbcc ./Project_Settings/Startup_Code/startup_MPC5748G.o
                0x01002000                __isr_vector
                0x01002bc8                PIT_Ch14_IRQHandler
                0x01002bc8                PIT_Ch0_IRQHandler
                0x01002bc8                LINFLEXD6_UART_ErrIRQHandler
                0x01002bc8                LINFLEXD5_UART_ErrIRQHandler
                0x01002bc8                DSPI1_Send_IRQHandler
                0x01002bc8                LINFLEXD2_UART_TxIRQHandler
                0x01002bc8                SIUL_EIRQ_16_23_IRQHandler
                0x01002bc8                ENET0_Rx_1_IRQHandler
                0x01002bc8                EMIOS0_30_31_IRQHandler
                0x01002bc8                SWT0_IRQHandler
                0x01002bc8                PIT_Ch10_IRQHandler
                0x01002bc8                SAI2_Rx_IRQHandler
                0x01002bc8                DSPI0_FIFO_Error_IRQHandler
                0x01002bc8                LINFLEXD3_UART_ErrIRQHandler
                0x01002bc8                PIT_Ch15_IRQHandler
                0x01002bc8                EMIOS1_00_01_IRQHandler
                0x01002bc8                ADC1_WD_IRQHandler
                0x01002bc8                IVOR5_Exception_Handler
                0x01002bc8                ADC0_WD_IRQHandler
                0x01002bc8                EMIOS0_10_11_IRQHandler
                0x01002bc8                USBOTG_IRQHandler
                0x01002bc8                DSPI5_FIFO_Error_IRQHandler
                0x01002bc8                DSPI6_Send_IRQHandler
                0x01002bc8                EMIOS1_26_27_IRQHandler
                0x01002bc8                STM2_Ch2_IRQHandler
                0x01002bc8                IVOR34_Exception_Handler
                0x01002bc8                DSPI4_Send_IRQHandler
                0x01002bc8                WKPU_23_16_IRQHandler
                0x01002bc8                STM2_Ch3_IRQHandler
                0x01002bc8                DSPI3_Send_IRQHandler
                0x01002bc8                ENET0_Tx_2_IRQHandler
                0x01002bc8                LINFLEXD0_UART_ErrIRQHandler
                0x01002bc8                LINFLEXD14_UART_RxIRQHandler
                0x01002bc8                ENET1_Rx_2_IRQHandler
                0x01002bc8                IVOR2_Exception_Handler
                0x01002bc8                PIT_Ch7_IRQHandler
                0x01002bc8                STM2_Ch1_IRQHandler
                0x01002bc8                EMIOS1_04_05_IRQHandler
                0x01002bc8                LINFLEXD11_UART_TxIRQHandler
                0x01002bc8                ENET1_Tx_IRQHandler
                0x01002bc8                SAI2_Tx_IRQHandler
                0x01002bc8                LINFLEXD5_UART_RxIRQHandler
                0x01002bc8                LINFLEXD7_UART_RxIRQHandler
                0x01002bc8                SWT2_IRQHandler
                0x01002bc8                EMIOS0_24_25_IRQHandler
                0x01002bc8                EMIOS2_00_01_IRQHandler
                0x01002bc8                LINFLEXD10_UART_TxIRQHandler
                0x01002bc8                LINFLEXD13_UART_TxIRQHandler
                0x01002bc8                IVOR33_Exception_Handler
                0x01002bc8                SAI0_Tx_IRQHandler
                0x01002bc8                LINFLEXD9_UART_ErrIRQHandler
                0x01002bc8                ENET0_Parser_IRQHandler
                0x01002bc8                EMIOS2_26_27_IRQHandler
                0x01002bc8                LINFLEXD0_UART_TxIRQHandler
                0x01002bc8                DSPI9_FIFO_Error_IRQHandler
                0x01002bc8                DSPI2_FIFO_Error_IRQHandler
                0x01002bc8                EMIOS1_30_31_IRQHandler
                0x01002bc8                LINFLEXD10_UART_RxIRQHandler
                0x01002bc8                PIT_Ch5_IRQHandler
                0x01002bc8                EMIOS0_12_13_IRQHandler
                0x01002bc8                PIT_Ch1_IRQHandler
                0x01002bc8                LINFLEXD14_UART_TxIRQHandler
                0x01002bc8                LINFLEXD9_UART_TxIRQHandler
                0x01002bc8                LINFLEXD14_UART_ErrIRQHandler
                0x01002bc8                LINFLEXD16_UART_ErrIRQHandler
                0x01002bc8                ENET0_Err_IRQHandler
                0x01002bc8                ENET1_Timer_IRQHandler
                0x01002bc8                DSPI0_Send_IRQHandler
                0x01002bc8                ENET1_Rx_IRQHandler
                0x01002bc8                EMIOS1_14_15_IRQHandler
                0x01002bc8                LINFLEXD17_UART_RxIRQHandler
                0x01002bc8                DSPI6_Receive_IRQHandler
                0x01002bc8                LINFLEXD10_UART_ErrIRQHandler
                0x01002bc8                CMP0_IRQHandler
                0x01002bc8                PIT_Ch2_IRQHandler
                0x01002bc8                DSPI0_Receive_IRQHandler
                0x01002bc8                I2C_DRV_Module2IRQHandler
                0x01002bc8                SAI1_Tx_IRQHandler
                0x01002bc8                DSPI2_Send_IRQHandler
                0x01002bc8                EMIOS0_16_17_IRQHandler
                0x01002bc8                BCTU_ListLast_IRQHandler
                0x01002bc8                ENET0_Rx_IRQHandler
                0x01002bc8                STM2_Ch0_IRQHandler
                0x01002bc8                ADC0_EOC_IRQHandler
                0x01002bc8                LINFLEXD11_UART_ErrIRQHandler
                0x01002bc8                IVOR15_Exception_Handler
                0x01002bc8                DSPI4_FIFO_Error_IRQHandler
                0x01002bc8                LINFLEXD15_UART_RxIRQHandler
                0x01002bc8                DSPI2_Receive_IRQHandler
                0x01002bc8                LINFLEXD1_UART_ErrIRQHandler
                0x01002bc8                EMIOS1_10_11_IRQHandler
                0x01002bc8                PIT_Ch4_IRQHandler
                0x01002bc8                DSPI9_Receive_IRQHandler
                0x01002bc8                ADC1_ER_IRQHandler
                0x01002bc8                LINFLEXD13_UART_RxIRQHandler
                0x01002bc8                EMIOS0_22_23_IRQHandler
                0x01002bc8                EMIOS1_28_29_IRQHandler
                0x01002bc8                SAI0_Rx_IRQHandler
                0x01002bc8                DSPI3_Receive_IRQHandler
                0x01002bc8                EMIOS2_28_29_IRQHandler
                0x01002bc8                ENET0_Tx_1_IRQHandler
                0x01002bc8                PIT_Ch11_IRQHandler
                0x01002bc8                ENET1_Tx_1_IRQHandler
                0x01002bc8                SIUL_EIRQ_00_07_IRQHandler
                0x01002bc8                LINFLEXD4_UART_TxIRQHandler
                0x01002bc8                LINFLEXD13_UART_ErrIRQHandler
                0x01002bc8                LINFLEXD12_UART_TxIRQHandler
                0x01002bc8                ADC0_ER_IRQHandler
                0x01002bc8                LINFLEXD8_UART_TxIRQHandler
                0x01002bc8                PIT_Ch12_IRQHandler
                0x01002bc8                ENET0_Rx_2_IRQHandler
                0x01002bc8                LINFLEXD11_UART_RxIRQHandler
                0x01002bc8                DSPI1_FIFO_Error_IRQHandler
                0x01002bc8                DSPI7_Receive_IRQHandler
                0x01002bc8                LINFLEXD6_UART_TxIRQHandler
                0x01002bc8                STM1_Ch2_IRQHandler
                0x01002bc8                CMP2_IRQHandler
                0x01002bc8                EMIOS2_20_21_IRQHandler
                0x01002bc8                IVOR1_Exception_Handler
                0x01002bc8                LINFLEXD7_UART_TxIRQHandler
                0x01002bc8                DSPI7_FIFO_Error_IRQHandler
                0x01002bc8                STM1_Ch0_IRQHandler
                0x01002bc8                DSPI8_Receive_IRQHandler
                0x01002bc8                LINFLEXD16_UART_TxIRQHandler
                0x01002bc8                PIT_Ch13_IRQHandler
                0x01002bc8                LINFLEXD2_UART_RxIRQHandler
                0x01002bc8                I2C_DRV_Module1IRQHandler
                0x01002bc8                ENET0_Tx_IRQHandler
                0x01002bc8                SIUL_EIRQ_24_31_IRQHandler
                0x01002bc8                EMIOS1_06_07_IRQHandler
                0x01002bc8                IVOR3_Exception_Handler
                0x01002bc8                DSPI9_Send_IRQHandler
                0x01002bc8                IVOR8_Exception_Handler
                0x01002bc8                PIT_RTI_IRQHandler
                0x01002bc8                LINFLEXD3_UART_RxIRQHandler
                0x01002bc8                LINFLEXD2_UART_ErrIRQHandler
                0x01002bc8                WKPU_31_24_IRQHandler
                0x01002bc8                LINFLEXD12_UART_RxIRQHandler
                0x01002bc8                LINFLEXD12_UART_ErrIRQHandler
                0x01002bc8                EMIOS1_12_13_IRQHandler
                0x01002bc8                STM1_Ch1_IRQHandler
                0x01002bc8                STM0_Ch0_IRQHandler
                0x01002bc8                DSPI5_Receive_IRQHandler
                0x01002bc8                USBHS_IRQHandler
                0x01002bc8                LINFLEXD17_UART_TxIRQHandler
                0x01002bc8                WKPU_15_08_IRQHandler
                0x01002bc8                EMIOS1_02_03_IRQHandler
                0x01002bc8                LINFLEXD4_UART_ErrIRQHandler
                0x01002bc8                STM0_Ch2_IRQHandler
                0x01002bc8                STM0_Ch3_IRQHandler
                0x01002bc8                EMIOS0_00_01_IRQHandler
                0x01002bc8                LINFLEXD0_UART_RxIRQHandler
                0x01002bc8                LINFLEXD15_UART_TxIRQHandler
                0x01002bc8                LINFLEXD15_UART_ErrIRQHandler
                0x01002bc8                LINFLEXD6_UART_RxIRQHandler
                0x01002bc8                DSPI8_FIFO_Error_IRQHandler
                0x01002bc8                RTC0_IRQHandler
                0x01002bc8                EMIOS0_18_19_IRQHandler
                0x01002bc8                LINFLEXD17_UART_ErrIRQHandler
                0x01002bc8                EMIOS2_02_03_IRQHandler
                0x01002bc8                EMIOS2_18_19_IRQHandler
                0x01002bc8                LINFLEXD8_UART_RxIRQHandler
                0x01002bc8                I2C_DRV_Module0IRQHandler
                0x01002bc8                LINFLEXD7_UART_ErrIRQHandler
                0x01002bc8                EMIOS0_20_21_IRQHandler
                0x01002bc8                DSPI3_FIFO_Error_IRQHandler
                0x01002bc8                I2C_DRV_Module3IRQHandler
                0x01002bc8                DSPI7_Send_IRQHandler
                0x01002bc8                STM1_Ch3_IRQHandler
                0x01002bc8                PIT_Ch6_IRQHandler
                0x01002bc8                IVOR6_Exception_Handler
                0x01002bc8                EMIOS1_24_25_IRQHandler
                0x01002bc8                EMIOS2_04_05_IRQHandler
                0x01002bc8                HSM_DRV_IRQHandler
                0x01002bc8                EMIOS1_08_09_IRQHandler
                0x01002bc8                LINFLEXD5_UART_TxIRQHandler
                0x01002bc8                EMIOS2_12_13_IRQHandler
                0x01002bc8                EMIOS2_10_11_IRQHandler
                0x01002bc8                PIT_Ch9_IRQHandler
                0x01002bc8                PIT_Ch3_IRQHandler
                0x01002bc8                EMIOS0_26_27_IRQHandler
                0x01002bc8                EMIOS1_22_23_IRQHandler
                0x01002bc8                DSPI1_Receive_IRQHandler
                0x01002bc8                EMIOS0_08_09_IRQHandler
                0x01002bc8                DSPI6_FIFO_Error_IRQHandler
                0x01002bc8                DSPI4_Receive_IRQHandler
                0x01002bc8                SIUL_EIRQ_08_15_IRQHandler
                0x01002bc8                ENET1_Rx_1_IRQHandler
                0x01002bc8                FLASH_Done_IRQHandler
                0x01002bc8                ENET1_Err_IRQHandler
                0x01002bc8                LINFLEXD1_UART_TxIRQHandler
                0x01002bc8                EMIOS2_06_07_IRQHandler
                0x01002bc8                ENET1_Parser_IRQHandler
                0x01002bc8                EMIOS0_04_05_IRQHandler
                0x01002bc8                LINFLEXD4_UART_RxIRQHandler
                0x01002bc8                EMIOS2_24_25_IRQHandler
                0x01002bc8                LINFLEXD16_UART_RxIRQHandler
                0x01002bc8                DSPI8_Send_IRQHandler
                0x01002bc8                API0_IRQHandler
                0x01002bc8                EMIOS1_16_17_IRQHandler
                0x01002bc8                SWT1_IRQHandler
                0x01002bc8                EMIOS1_18_19_IRQHandler
                0x01002bc8                EMIOS2_14_15_IRQHandler
                0x01002bc8                EMIOS0_06_07_IRQHandler
                0x01002bc8                DefaultISR
                0x01002bc8                EMIOS0_28_29_IRQHandler
                0x01002bc8                EMIOS2_08_09_IRQHandler
                0x01002bc8                CMP1_IRQHandler
                0x01002bc8                EMIOS0_02_03_IRQHandler
                0x01002bc8                PIT_Ch8_IRQHandler
                0x01002bc8                IVOR0_Exception_Handler
                0x01002bc8                IVOR35_Exception_Handler
                0x01002bc8                LINFLEXD3_UART_TxIRQHandler
                0x01002bc8                LINFLEXD9_UART_RxIRQHandler
                0x01002bc8                uSDHC_DriverIRQHandler
                0x01002bc8                EMIOS2_22_23_IRQHandler
                0x01002bc8                SAI1_Rx_IRQHandler
                0x01002bc8                EMIOS2_30_31_IRQHandler
                0x01002bc8                LINFLEXD8_UART_ErrIRQHandler
                0x01002bc8                DSPI5_Send_IRQHandler
                0x01002bc8                ADC1_EOC_IRQHandler
                0x01002bc8                ENET0_Timer_IRQHandler
                0x01002bc8                ENET1_Tx_2_IRQHandler
                0x01002bc8                STM0_Ch1_IRQHandler
                0x01002bc8                FCCU0_IRQ_Handler
                0x01002bc8                EMIOS1_20_21_IRQHandler
                0x01002bc8                EMIOS2_16_17_IRQHandler
                0x01002bc8                LINFLEXD1_UART_RxIRQHandler
                0x01002bc8                BCTU_ConvUpdate_IRQHandler
                0x01002bc8                WKPU_07_00_IRQHandler
                0x01002bc8                EMIOS0_14_15_IRQHandler
                0x01002bcc                __interrupts_end__ = .
                0x00000c00                __RAM_VECTOR_TABLE_SIZE = 0xc00
                0x01002c00                __VECTOR_TABLE_COPY_END = (__VECTOR_TABLE + __RAM_VECTOR_TABLE_SIZE)

.text           0x01002bd0     0x4d00
 *(.text.startup)
 *(.text)
 .text          0x01002bd0      0x16c c:/nxp/s32ds_power_v2.1/s32ds/build_tools/powerpc-eabivle-4_9/bin/../lib/gcc/powerpc-eabivle/4.9.4/e200z4/fp/crtbegin.o
 *fill*         0x01002d3c        0x4 
 .text          0x01002d40      0x2f6 ./Project_Settings/Startup_Code/core0_intc_sw_handlers.o
                0x01002d80                IVOR0_Handler
                0x01002dae                IVOR1_Handler
                0x01002dfc                IVOR2_Handler
                0x01002e36                IVOR3_Handler
                0x01002e70                IVOR4_Handler
                0x01002eb8                IVOR5_Handler
                0x01002ef2                IVOR6_Handler
                0x01002f2c                IVOR8_Handler
                0x01002f66                IVOR15_Handler
                0x01002f94                IVOR33_Handler
                0x01002fce                IVOR34_Handler
                0x01003008                IVOR35_Handler
 .text          0x01003036       0x4a c:/nxp/s32ds_power_v2.1/s32ds/build_tools/powerpc-eabivle-4_9/bin/../lib/gcc/powerpc-eabivle/4.9.4/e200z4/fp\libgcc.a(eabivle.o)
                0x01003036                __eabi
 .text          0x01003080       0x48 c:/nxp/s32ds_power_v2.1/s32ds/build_tools/powerpc-eabivle-4_9/bin/../lib/gcc/powerpc-eabivle/4.9.4/e200z4/fp/crtend.o
 *(.text.*)
 .text.SystemInit
                0x010030c8       0x8e ./SDK/platform/devices/MPC5748G/startup/system_MPC5748G.o
                0x010030c8                SystemInit
 *fill*         0x01003156        0x2 
 .text.init_data_bss
                0x01003158       0xb8 ./SDK/platform/devices/startup.o
                0x01003158                init_data_bss
 .text.CLOCK_SYS_GetFircFreq
                0x01003210       0x1e ./SDK/platform/drivers/src/clock/MPC57xx/clock_MPC57xx.o
 *fill*         0x0100322e        0x2 
 .text.CLOCK_SYS_GetFxoscFreq
                0x01003230       0x1e ./SDK/platform/drivers/src/clock/MPC57xx/clock_MPC57xx.o
 *fill*         0x0100324e        0x2 
 .text.CLOCK_SYS_CalculateFrequenciesOfClockSources
                0x01003250      0x136 ./SDK/platform/drivers/src/clock/MPC57xx/clock_MPC57xx.o
 *fill*         0x01003386        0x2 
 .text.CLOCK_DRV_Init
                0x01003388      0xb5a ./SDK/platform/drivers/src/clock/MPC57xx/clock_MPC57xx.o
                0x01003388                CLOCK_DRV_Init
 *fill*         0x01003ee2        0x2 
 .text.CLOCK_SYS_Init
                0x01003ee4       0x4c ./SDK/platform/drivers/src/clock/MPC57xx/clock_MPC57xx.o
                0x01003ee4                CLOCK_SYS_Init
 .text.CLOCK_SYS_UpdateConfiguration
                0x01003f30      0x186 ./SDK/platform/drivers/src/clock/MPC57xx/clock_MPC57xx.o
                0x01003f30                CLOCK_SYS_UpdateConfiguration
 *fill*         0x010040b6        0x2 
 .text.EDMA_DRV_InstallCallback
                0x010040b8       0x42 ./SDK/platform/drivers/src/edma/edma_driver.o
                0x010040b8                EDMA_DRV_InstallCallback
 *fill*         0x010040fa        0x2 
 .text.EDMA_DRV_IRQHandler
                0x010040fc       0x52 ./SDK/platform/drivers/src/edma/edma_driver.o
                0x010040fc                EDMA_DRV_IRQHandler
 *fill*         0x0100414e        0x2 
 .text.EDMA_DRV_ErrorIRQHandler
                0x01004150       0x6c ./SDK/platform/drivers/src/edma/edma_driver.o
                0x01004150                EDMA_DRV_ErrorIRQHandler
 .text.EDMA_DRV_ConfigSingleBlockTransfer
                0x010041bc      0x1c6 ./SDK/platform/drivers/src/edma/edma_driver.o
                0x010041bc                EDMA_DRV_ConfigSingleBlockTransfer
 *fill*         0x01004382        0x2 
 .text.EDMA_DRV_StartChannel
                0x01004384       0x6c ./SDK/platform/drivers/src/edma/edma_driver.o
                0x01004384                EDMA_DRV_StartChannel
 .text.EDMA_DRV_StopChannel
                0x010043f0       0x6c ./SDK/platform/drivers/src/edma/edma_driver.o
                0x010043f0                EDMA_DRV_StopChannel
 .text.EDMA_DRV_DisableRequestsOnTransferComplete
                0x0100445c       0x6a ./SDK/platform/drivers/src/edma/edma_driver.o
                0x0100445c                EDMA_DRV_DisableRequestsOnTransferComplete
 *fill*         0x010044c6        0x2 
 .text.EDMA_DRV_GetDmaRegBaseAddr
                0x010044c8       0x12 ./SDK/platform/drivers/src/edma/edma_driver.o
                0x010044c8                EDMA_DRV_GetDmaRegBaseAddr
 *fill*         0x010044da        0x2 
 .text.EDMA_GetErrorIntStatusFlag
                0x010044dc        0xa ./SDK/platform/drivers/src/edma/edma_hw_access.o
                0x010044dc                EDMA_GetErrorIntStatusFlag
 *fill*         0x010044e6        0x2 
 .text.EDMA_ClearErrorIntStatusFlag
                0x010044e8       0x12 ./SDK/platform/drivers/src/edma/edma_hw_access.o
                0x010044e8                EDMA_ClearErrorIntStatusFlag
 *fill*         0x010044fa        0x2 
 .text.EDMA_SetDmaRequestCmd
                0x010044fc       0x12 ./SDK/platform/drivers/src/edma/edma_hw_access.o
                0x010044fc                EDMA_SetDmaRequestCmd
 *fill*         0x0100450e        0x2 
 .text.EDMA_ClearDoneStatusFlag
                0x01004510       0x12 ./SDK/platform/drivers/src/edma/edma_hw_access.o
                0x01004510                EDMA_ClearDoneStatusFlag
 *fill*         0x01004522        0x2 
 .text.EDMA_ClearIntStatusFlag
                0x01004524       0x12 ./SDK/platform/drivers/src/edma/edma_hw_access.o
                0x01004524                EDMA_ClearIntStatusFlag
 *fill*         0x01004536        0x2 
 .text.EDMA_SetMinorLoopMappingCmd
                0x01004538       0x14 ./SDK/platform/drivers/src/edma/edma_hw_access.o
                0x01004538                EDMA_SetMinorLoopMappingCmd
 .text.EDMA_TCDClearReg
                0x0100454c       0x34 ./SDK/platform/drivers/src/edma/edma_hw_access.o
                0x0100454c                EDMA_TCDClearReg
 .text.EDMA_TCDSetSrcAddr
                0x01004580       0x18 ./SDK/platform/drivers/src/edma/edma_hw_access.o
                0x01004580                EDMA_TCDSetSrcAddr
 .text.EDMA_TCDSetSrcOffset
                0x01004598       0x1e ./SDK/platform/drivers/src/edma/edma_hw_access.o
                0x01004598                EDMA_TCDSetSrcOffset
 *fill*         0x010045b6        0x2 
 .text.EDMA_TCDSetAttribute
                0x010045b8       0x30 ./SDK/platform/drivers/src/edma/edma_hw_access.o
                0x010045b8                EDMA_TCDSetAttribute
 .text.EDMA_TCDSetNbytes
                0x010045e8       0x54 ./SDK/platform/drivers/src/edma/edma_hw_access.o
                0x010045e8                EDMA_TCDSetNbytes
 .text.EDMA_TCDSetDestAddr
                0x0100463c       0x18 ./SDK/platform/drivers/src/edma/edma_hw_access.o
                0x0100463c                EDMA_TCDSetDestAddr
 .text.EDMA_TCDSetDestOffset
                0x01004654       0x1c ./SDK/platform/drivers/src/edma/edma_hw_access.o
                0x01004654                EDMA_TCDSetDestOffset
 .text.EDMA_TCDSetDisableDmaRequestAfterTCDDoneCmd
                0x01004670       0x34 ./SDK/platform/drivers/src/edma/edma_hw_access.o
                0x01004670                EDMA_TCDSetDisableDmaRequestAfterTCDDoneCmd
 .text.EDMA_TCDSetMajorCompleteIntCmd
                0x010046a4       0x34 ./SDK/platform/drivers/src/edma/edma_hw_access.o
                0x010046a4                EDMA_TCDSetMajorCompleteIntCmd
 .text.EDMA_TCDSetMajorCount
                0x010046d8       0x72 ./SDK/platform/drivers/src/edma/edma_hw_access.o
                0x010046d8                EDMA_TCDSetMajorCount
 *fill*         0x0100474a        0x2 
 .text.DMA0_Ch0_IRQHandler
                0x0100474c       0x16 ./SDK/platform/drivers/src/edma/edma_irq.o
                0x0100474c                DMA0_Ch0_IRQHandler
 *fill*         0x01004762        0x2 
 .text.DMA0_Ch1_IRQHandler
                0x01004764       0x16 ./SDK/platform/drivers/src/edma/edma_irq.o
                0x01004764                DMA0_Ch1_IRQHandler
 *fill*         0x0100477a        0x2 
 .text.DMA0_Ch2_IRQHandler
                0x0100477c       0x16 ./SDK/platform/drivers/src/edma/edma_irq.o
                0x0100477c                DMA0_Ch2_IRQHandler
 *fill*         0x01004792        0x2 
 .text.DMA0_Ch3_IRQHandler
                0x01004794       0x16 ./SDK/platform/drivers/src/edma/edma_irq.o
                0x01004794                DMA0_Ch3_IRQHandler
 *fill*         0x010047aa        0x2 
 .text.DMA0_Ch4_IRQHandler
                0x010047ac       0x16 ./SDK/platform/drivers/src/edma/edma_irq.o
                0x010047ac                DMA0_Ch4_IRQHandler
 *fill*         0x010047c2        0x2 
 .text.DMA0_Ch5_IRQHandler
                0x010047c4       0x16 ./SDK/platform/drivers/src/edma/edma_irq.o
                0x010047c4                DMA0_Ch5_IRQHandler
 *fill*         0x010047da        0x2 
 .text.DMA0_Ch6_IRQHandler
                0x010047dc       0x16 ./SDK/platform/drivers/src/edma/edma_irq.o
                0x010047dc                DMA0_Ch6_IRQHandler
 *fill*         0x010047f2        0x2 
 .text.DMA0_Ch7_IRQHandler
                0x010047f4       0x16 ./SDK/platform/drivers/src/edma/edma_irq.o
                0x010047f4                DMA0_Ch7_IRQHandler
 *fill*         0x0100480a        0x2 
 .text.DMA0_Ch8_IRQHandler
                0x0100480c       0x16 ./SDK/platform/drivers/src/edma/edma_irq.o
                0x0100480c                DMA0_Ch8_IRQHandler
 *fill*         0x01004822        0x2 
 .text.DMA0_Ch9_IRQHandler
                0x01004824       0x16 ./SDK/platform/drivers/src/edma/edma_irq.o
                0x01004824                DMA0_Ch9_IRQHandler
 *fill*         0x0100483a        0x2 
 .text.DMA0_Ch10_IRQHandler
                0x0100483c       0x16 ./SDK/platform/drivers/src/edma/edma_irq.o
                0x0100483c                DMA0_Ch10_IRQHandler
 *fill*         0x01004852        0x2 
 .text.DMA0_Ch11_IRQHandler
                0x01004854       0x16 ./SDK/platform/drivers/src/edma/edma_irq.o
                0x01004854                DMA0_Ch11_IRQHandler
 *fill*         0x0100486a        0x2 
 .text.DMA0_Ch12_IRQHandler
                0x0100486c       0x16 ./SDK/platform/drivers/src/edma/edma_irq.o
                0x0100486c                DMA0_Ch12_IRQHandler
 *fill*         0x01004882        0x2 
 .text.DMA0_Ch13_IRQHandler
                0x01004884       0x16 ./SDK/platform/drivers/src/edma/edma_irq.o
                0x01004884                DMA0_Ch13_IRQHandler
 *fill*         0x0100489a        0x2 
 .text.DMA0_Ch14_IRQHandler
                0x0100489c       0x16 ./SDK/platform/drivers/src/edma/edma_irq.o
                0x0100489c                DMA0_Ch14_IRQHandler
 *fill*         0x010048b2        0x2 
 .text.DMA0_Ch15_IRQHandler
                0x010048b4       0x16 ./SDK/platform/drivers/src/edma/edma_irq.o
                0x010048b4                DMA0_Ch15_IRQHandler
 *fill*         0x010048ca        0x2 
 .text.DMA0_Ch16_IRQHandler
                0x010048cc       0x16 ./SDK/platform/drivers/src/edma/edma_irq.o
                0x010048cc                DMA0_Ch16_IRQHandler
 *fill*         0x010048e2        0x2 
 .text.DMA0_Ch17_IRQHandler
                0x010048e4       0x16 ./SDK/platform/drivers/src/edma/edma_irq.o
                0x010048e4                DMA0_Ch17_IRQHandler
 *fill*         0x010048fa        0x2 
 .text.DMA0_Ch18_IRQHandler
                0x010048fc       0x16 ./SDK/platform/drivers/src/edma/edma_irq.o
                0x010048fc                DMA0_Ch18_IRQHandler
 *fill*         0x01004912        0x2 
 .text.DMA0_Ch19_IRQHandler
                0x01004914       0x16 ./SDK/platform/drivers/src/edma/edma_irq.o
                0x01004914                DMA0_Ch19_IRQHandler
 *fill*         0x0100492a        0x2 
 .text.DMA0_Ch20_IRQHandler
                0x0100492c       0x16 ./SDK/platform/drivers/src/edma/edma_irq.o
                0x0100492c                DMA0_Ch20_IRQHandler
 *fill*         0x01004942        0x2 
 .text.DMA0_Ch21_IRQHandler
                0x01004944       0x16 ./SDK/platform/drivers/src/edma/edma_irq.o
                0x01004944                DMA0_Ch21_IRQHandler
 *fill*         0x0100495a        0x2 
 .text.DMA0_Ch22_IRQHandler
                0x0100495c       0x16 ./SDK/platform/drivers/src/edma/edma_irq.o
                0x0100495c                DMA0_Ch22_IRQHandler
 *fill*         0x01004972        0x2 
 .text.DMA0_Ch23_IRQHandler
                0x01004974       0x16 ./SDK/platform/drivers/src/edma/edma_irq.o
                0x01004974                DMA0_Ch23_IRQHandler
 *fill*         0x0100498a        0x2 
 .text.DMA0_Ch24_IRQHandler
                0x0100498c       0x16 ./SDK/platform/drivers/src/edma/edma_irq.o
                0x0100498c                DMA0_Ch24_IRQHandler
 *fill*         0x010049a2        0x2 
 .text.DMA0_Ch25_IRQHandler
                0x010049a4       0x16 ./SDK/platform/drivers/src/edma/edma_irq.o
                0x010049a4                DMA0_Ch25_IRQHandler
 *fill*         0x010049ba        0x2 
 .text.DMA0_Ch26_IRQHandler
                0x010049bc       0x16 ./SDK/platform/drivers/src/edma/edma_irq.o
                0x010049bc                DMA0_Ch26_IRQHandler
 *fill*         0x010049d2        0x2 
 .text.DMA0_Ch27_IRQHandler
                0x010049d4       0x16 ./SDK/platform/drivers/src/edma/edma_irq.o
                0x010049d4                DMA0_Ch27_IRQHandler
 *fill*         0x010049ea        0x2 
 .text.DMA0_Ch28_IRQHandler
                0x010049ec       0x16 ./SDK/platform/drivers/src/edma/edma_irq.o
                0x010049ec                DMA0_Ch28_IRQHandler
 *fill*         0x01004a02        0x2 
 .text.DMA0_Ch29_IRQHandler
                0x01004a04       0x16 ./SDK/platform/drivers/src/edma/edma_irq.o
                0x01004a04                DMA0_Ch29_IRQHandler
 *fill*         0x01004a1a        0x2 
 .text.DMA0_Ch30_IRQHandler
                0x01004a1c       0x16 ./SDK/platform/drivers/src/edma/edma_irq.o
                0x01004a1c                DMA0_Ch30_IRQHandler
 *fill*         0x01004a32        0x2 
 .text.DMA0_Ch31_IRQHandler
                0x01004a34       0x16 ./SDK/platform/drivers/src/edma/edma_irq.o
                0x01004a34                DMA0_Ch31_IRQHandler
 *fill*         0x01004a4a        0x2 
 .text.DMA0_Ch0_Ch31_Error_IRQHandler
                0x01004a4c       0x42 ./SDK/platform/drivers/src/edma/edma_irq.o
                0x01004a4c                DMA0_Ch0_Ch31_Error_IRQHandler
 .text.FLEXCAN_SetTimeSegments
                0x01004a8e       0x4e ./SDK/platform/drivers/src/flexcan/flexcan_driver.o
 .text.FLEXCAN_SetExtendedTimeSegments
                0x01004adc       0x56 ./SDK/platform/drivers/src/flexcan/flexcan_driver.o
 .text.FLEXCAN_SetFDTimeSegments
                0x01004b32       0x5c ./SDK/platform/drivers/src/flexcan/flexcan_driver.o
 *fill*         0x01004b8e        0x2 
 .text.FLEXCAN_GetMsgBuffIntStatusFlag
                0x01004b90       0x48 ./SDK/platform/drivers/src/flexcan/flexcan_driver.o
 .text.FLEXCAN_StartSendData
                0x01004bd8      0x102 ./SDK/platform/drivers/src/flexcan/flexcan_driver.o
 .text.FLEXCAN_StartRxMessageBufferData
                0x01004cda       0xa4 ./SDK/platform/drivers/src/flexcan/flexcan_driver.o
 *fill*         0x01004d7e        0x2 
 .text.FLEXCAN_CompleteRxMessageFifoData
                0x01004d80       0xea ./SDK/platform/drivers/src/flexcan/flexcan_driver.o
 *fill*         0x01004e6a        0x2 
 .text.FLEXCAN_CompleteRxFifoDataDMA
                0x01004e6c       0x4c ./SDK/platform/drivers/src/flexcan/flexcan_driver.o
 .text.FLEXCAN_CompleteTransfer
                0x01004eb8       0x64 ./SDK/platform/drivers/src/flexcan/flexcan_driver.o
 .text.FLEXCAN_StartRxMessageFifoData
                0x01004f1c      0x134 ./SDK/platform/drivers/src/flexcan/flexcan_driver.o
 .text.FLEXCAN_DRV_Init
                0x01005050      0x3d8 ./SDK/platform/drivers/src/flexcan/flexcan_driver.o
                0x01005050                FLEXCAN_DRV_Init
 .text.FLEXCAN_DRV_ConfigTxMb
                0x01005428       0x74 ./SDK/platform/drivers/src/flexcan/flexcan_driver.o
                0x01005428                FLEXCAN_DRV_ConfigTxMb
 .text.FLEXCAN_DRV_Send
                0x0100549c       0x6a ./SDK/platform/drivers/src/flexcan/flexcan_driver.o
                0x0100549c                FLEXCAN_DRV_Send
 *fill*         0x01005506        0x2 
 .text.FLEXCAN_DRV_ConfigRxMb
                0x01005508       0xce ./SDK/platform/drivers/src/flexcan/flexcan_driver.o
                0x01005508                FLEXCAN_DRV_ConfigRxMb
 *fill*         0x010055d6        0x2 
 .text.FLEXCAN_DRV_ConfigRxFifo
                0x010055d8       0x4e ./SDK/platform/drivers/src/flexcan/flexcan_driver.o
                0x010055d8                FLEXCAN_DRV_ConfigRxFifo
 *fill*         0x01005626        0x2 
 .text.FLEXCAN_DRV_Receive
                0x01005628       0x22 ./SDK/platform/drivers/src/flexcan/flexcan_driver.o
                0x01005628                FLEXCAN_DRV_Receive
 *fill*         0x0100564a        0x2 
 .text.FLEXCAN_DRV_RxFifo
                0x0100564c       0x22 ./SDK/platform/drivers/src/flexcan/flexcan_driver.o
                0x0100564c                FLEXCAN_DRV_RxFifo
 *fill*         0x0100566e        0x2 
 .text.FLEXCAN_IRQHandler
                0x01005670      0x2a6 ./SDK/platform/drivers/src/flexcan/flexcan_driver.o
                0x01005670                FLEXCAN_IRQHandler
 *fill*         0x01005916        0x2 
 .text.FLEXCAN_Error_IRQHandler
                0x01005918       0x52 ./SDK/platform/drivers/src/flexcan/flexcan_driver.o
                0x01005918                FLEXCAN_Error_IRQHandler
 *fill*         0x0100596a        0x2 
 .text.FLEXCAN_WakeUpHandler
                0x0100596c       0x9c ./SDK/platform/drivers/src/flexcan/flexcan_driver.o
                0x0100596c                FLEXCAN_WakeUpHandler
 .text.FLEXCAN_DRV_GetTransferStatus
                0x01005a08       0x3c ./SDK/platform/drivers/src/flexcan/flexcan_driver.o
                0x01005a08                FLEXCAN_DRV_GetTransferStatus
 .text.FLEXCAN_ComputePayloadSize
                0x01005a44       0x4c ./SDK/platform/drivers/src/flexcan/flexcan_hw_access.o
 .text.FLEXCAN_GetMaxMbNum
                0x01005a90       0x30 ./SDK/platform/drivers/src/flexcan/flexcan_hw_access.o
                0x01005a90                FLEXCAN_GetMaxMbNum
 .text.FLEXCAN_Enable
                0x01005ac0       0x24 ./SDK/platform/drivers/src/flexcan/flexcan_hw_access.o
                0x01005ac0                FLEXCAN_Enable
 .text.FLEXCAN_Disable
                0x01005ae4       0x18 ./SDK/platform/drivers/src/flexcan/flexcan_hw_access.o
                0x01005ae4                FLEXCAN_Disable
 .text.FLEXCAN_Init
                0x01005afc       0xbe ./SDK/platform/drivers/src/flexcan/flexcan_hw_access.o
                0x01005afc                FLEXCAN_Init
 *fill*         0x01005bba        0x2 
 .text.FLEXCAN_EnableRxFifo
                0x01005bbc       0x6c ./SDK/platform/drivers/src/flexcan/flexcan_hw_access.o
                0x01005bbc                FLEXCAN_EnableRxFifo
 .text.FLEXCAN_SetRxFifoFilter
                0x01005c28      0x238 ./SDK/platform/drivers/src/flexcan/flexcan_hw_access.o
                0x01005c28                FLEXCAN_SetRxFifoFilter
 .text.FLEXCAN_SetMsgBuffIntCmd
                0x01005e60       0xd0 ./SDK/platform/drivers/src/flexcan/flexcan_hw_access.o
                0x01005e60                FLEXCAN_SetMsgBuffIntCmd
 .text.FLEXCAN_ExitFreezeMode
                0x01005f30       0x16 ./SDK/platform/drivers/src/flexcan/flexcan_hw_access.o
                0x01005f30                FLEXCAN_ExitFreezeMode
 *fill*         0x01005f46        0x2 
 .text.FLEXCAN_EnterFreezeMode
                0x01005f48       0x3c ./SDK/platform/drivers/src/flexcan/flexcan_hw_access.o
                0x01005f48                FLEXCAN_EnterFreezeMode
 .text.FLEXCAN_ClearErrIntStatusFlag
                0x01005f84       0x1e ./SDK/platform/drivers/src/flexcan/flexcan_hw_access.o
                0x01005f84                FLEXCAN_ClearErrIntStatusFlag
 *fill*         0x01005fa2        0x2 
 .text.FLEXCAN_ReadRxFifo
                0x01005fa4       0x8a ./SDK/platform/drivers/src/flexcan/flexcan_hw_access.o
                0x01005fa4                FLEXCAN_ReadRxFifo
 *fill*         0x0100602e        0x2 
 .text.FLEXCAN_SetOperationMode
                0x01006030       0x70 ./SDK/platform/drivers/src/flexcan/flexcan_hw_access.o
                0x01006030                FLEXCAN_SetOperationMode
 .text.FLEXCAN_SetPayloadSize
                0x010060a0       0x4a ./SDK/platform/drivers/src/flexcan/flexcan_hw_access.o
                0x010060a0                FLEXCAN_SetPayloadSize
 *fill*         0x010060ea        0x2 
 .text.FLEXCAN_GetPayloadSize
                0x010060ec       0x1e ./SDK/platform/drivers/src/flexcan/flexcan_hw_access.o
                0x010060ec                FLEXCAN_GetPayloadSize
 *fill*         0x0100610a        0x2 
 .text.FLEXCAN_GetMsgBuffRegion
                0x0100610c       0x50 ./SDK/platform/drivers/src/flexcan/flexcan_hw_access.o
                0x0100610c                FLEXCAN_GetMsgBuffRegion
 .text.FLEXCAN_SetRxMsgBuff
                0x0100615c      0x100 ./SDK/platform/drivers/src/flexcan/flexcan_hw_access.o
                0x0100615c                FLEXCAN_SetRxMsgBuff
 .text.FLEXCAN_LockRxMsgBuff
                0x0100625c       0x16 ./SDK/platform/drivers/src/flexcan/flexcan_hw_access.o
                0x0100625c                FLEXCAN_LockRxMsgBuff
 *fill*         0x01006272        0x2 
 .text.FLEXCAN_SetTxMsgBuff
                0x01006274      0x1f0 ./SDK/platform/drivers/src/flexcan/flexcan_hw_access.o
                0x01006274                FLEXCAN_SetTxMsgBuff
 .text.FLEXCAN_GetMsgBuff
                0x01006464       0xc4 ./SDK/platform/drivers/src/flexcan/flexcan_hw_access.o
                0x01006464                FLEXCAN_GetMsgBuff
 .text.FLEXCAN_SetMaxMsgBuffNum
                0x01006528       0xf0 ./SDK/platform/drivers/src/flexcan/flexcan_hw_access.o
                0x01006528                FLEXCAN_SetMaxMsgBuffNum
 .text.CAN0_ORed_IRQHandler
                0x01006618       0x16 ./SDK/platform/drivers/src/flexcan/flexcan_irq.o
                0x01006618                CAN0_ORed_IRQHandler
 *fill*         0x0100662e        0x2 
 .text.CAN0_Error_IRQHandler
                0x01006630       0x16 ./SDK/platform/drivers/src/flexcan/flexcan_irq.o
                0x01006630                CAN0_Error_IRQHandler
 *fill*         0x01006646        0x2 
 .text.CAN0_Wake_Up_IRQHandler
                0x01006648       0x16 ./SDK/platform/drivers/src/flexcan/flexcan_irq.o
                0x01006648                CAN0_Wake_Up_IRQHandler
 *fill*         0x0100665e        0x2 
 .text.CAN0_ORed_00_03_MB_IRQHandler
                0x01006660       0x16 ./SDK/platform/drivers/src/flexcan/flexcan_irq.o
                0x01006660                CAN0_ORed_00_03_MB_IRQHandler
 *fill*         0x01006676        0x2 
 .text.CAN0_ORed_04_07_MB_IRQHandler
                0x01006678       0x16 ./SDK/platform/drivers/src/flexcan/flexcan_irq.o
                0x01006678                CAN0_ORed_04_07_MB_IRQHandler
 *fill*         0x0100668e        0x2 
 .text.CAN0_ORed_08_11_MB_IRQHandler
                0x01006690       0x16 ./SDK/platform/drivers/src/flexcan/flexcan_irq.o
                0x01006690                CAN0_ORed_08_11_MB_IRQHandler
 *fill*         0x010066a6        0x2 
 .text.CAN0_ORed_12_15_MB_IRQHandler
                0x010066a8       0x16 ./SDK/platform/drivers/src/flexcan/flexcan_irq.o
                0x010066a8                CAN0_ORed_12_15_MB_IRQHandler
 *fill*         0x010066be        0x2 
 .text.CAN0_ORed_16_31_MB_IRQHandler
                0x010066c0       0x16 ./SDK/platform/drivers/src/flexcan/flexcan_irq.o
                0x010066c0                CAN0_ORed_16_31_MB_IRQHandler
 *fill*         0x010066d6        0x2 
 .text.CAN0_ORed_32_63_MB_IRQHandler
                0x010066d8       0x16 ./SDK/platform/drivers/src/flexcan/flexcan_irq.o
                0x010066d8                CAN0_ORed_32_63_MB_IRQHandler
 *fill*         0x010066ee        0x2 
 .text.CAN0_ORed_64_95_MB_IRQHandler
                0x010066f0       0x16 ./SDK/platform/drivers/src/flexcan/flexcan_irq.o
                0x010066f0                CAN0_ORed_64_95_MB_IRQHandler
 *fill*         0x01006706        0x2 
 .text.CAN1_ORed_IRQHandler
                0x01006708       0x16 ./SDK/platform/drivers/src/flexcan/flexcan_irq.o
                0x01006708                CAN1_ORed_IRQHandler
 *fill*         0x0100671e        0x2 
 .text.CAN1_Error_IRQHandler
                0x01006720       0x16 ./SDK/platform/drivers/src/flexcan/flexcan_irq.o
                0x01006720                CAN1_Error_IRQHandler
 *fill*         0x01006736        0x2 
 .text.CAN1_ORed_00_03_MB_IRQHandler
                0x01006738       0x16 ./SDK/platform/drivers/src/flexcan/flexcan_irq.o
                0x01006738                CAN1_ORed_00_03_MB_IRQHandler
 *fill*         0x0100674e        0x2 
 .text.CAN1_ORed_04_07_MB_IRQHandler
                0x01006750       0x16 ./SDK/platform/drivers/src/flexcan/flexcan_irq.o
                0x01006750                CAN1_ORed_04_07_MB_IRQHandler
 *fill*         0x01006766        0x2 
 .text.CAN1_ORed_08_11_MB_IRQHandler
                0x01006768       0x16 ./SDK/platform/drivers/src/flexcan/flexcan_irq.o
                0x01006768                CAN1_ORed_08_11_MB_IRQHandler
 *fill*         0x0100677e        0x2 
 .text.CAN1_ORed_12_15_MB_IRQHandler
                0x01006780       0x16 ./SDK/platform/drivers/src/flexcan/flexcan_irq.o
                0x01006780                CAN1_ORed_12_15_MB_IRQHandler
 *fill*         0x01006796        0x2 
 .text.CAN1_ORed_16_31_MB_IRQHandler
                0x01006798       0x16 ./SDK/platform/drivers/src/flexcan/flexcan_irq.o
                0x01006798                CAN1_ORed_16_31_MB_IRQHandler
 *fill*         0x010067ae        0x2 
 .text.CAN1_ORed_32_63_MB_IRQHandler
                0x010067b0       0x16 ./SDK/platform/drivers/src/flexcan/flexcan_irq.o
                0x010067b0                CAN1_ORed_32_63_MB_IRQHandler
 *fill*         0x010067c6        0x2 
 .text.CAN1_ORed_64_95_MB_IRQHandler
                0x010067c8       0x16 ./SDK/platform/drivers/src/flexcan/flexcan_irq.o
                0x010067c8                CAN1_ORed_64_95_MB_IRQHandler
 *fill*         0x010067de        0x2 
 .text.CAN2_ORed_IRQHandler
                0x010067e0       0x16 ./SDK/platform/drivers/src/flexcan/flexcan_irq.o
                0x010067e0                CAN2_ORed_IRQHandler
 *fill*         0x010067f6        0x2 
 .text.CAN2_Error_IRQHandler
                0x010067f8       0x16 ./SDK/platform/drivers/src/flexcan/flexcan_irq.o
                0x010067f8                CAN2_Error_IRQHandler
 *fill*         0x0100680e        0x2 
 .text.CAN2_ORed_00_03_MB_IRQHandler
                0x01006810       0x16 ./SDK/platform/drivers/src/flexcan/flexcan_irq.o
                0x01006810                CAN2_ORed_00_03_MB_IRQHandler
 *fill*         0x01006826        0x2 
 .text.CAN2_ORed_04_07_MB_IRQHandler
                0x01006828       0x16 ./SDK/platform/drivers/src/flexcan/flexcan_irq.o
                0x01006828                CAN2_ORed_04_07_MB_IRQHandler
 *fill*         0x0100683e        0x2 
 .text.CAN2_ORed_08_11_MB_IRQHandler
                0x01006840       0x16 ./SDK/platform/drivers/src/flexcan/flexcan_irq.o
                0x01006840                CAN2_ORed_08_11_MB_IRQHandler
 *fill*         0x01006856        0x2 
 .text.CAN2_ORed_12_15_MB_IRQHandler
                0x01006858       0x16 ./SDK/platform/drivers/src/flexcan/flexcan_irq.o
                0x01006858                CAN2_ORed_12_15_MB_IRQHandler
 *fill*         0x0100686e        0x2 
 .text.CAN2_ORed_16_31_MB_IRQHandler
                0x01006870       0x16 ./SDK/platform/drivers/src/flexcan/flexcan_irq.o
                0x01006870                CAN2_ORed_16_31_MB_IRQHandler
 *fill*         0x01006886        0x2 
 .text.CAN2_ORed_32_63_MB_IRQHandler
                0x01006888       0x16 ./SDK/platform/drivers/src/flexcan/flexcan_irq.o
                0x01006888                CAN2_ORed_32_63_MB_IRQHandler
 *fill*         0x0100689e        0x2 
 .text.CAN2_ORed_64_95_MB_IRQHandler
                0x010068a0       0x16 ./SDK/platform/drivers/src/flexcan/flexcan_irq.o
                0x010068a0                CAN2_ORed_64_95_MB_IRQHandler
 *fill*         0x010068b6        0x2 
 .text.CAN3_ORed_IRQHandler
                0x010068b8       0x16 ./SDK/platform/drivers/src/flexcan/flexcan_irq.o
                0x010068b8                CAN3_ORed_IRQHandler
 *fill*         0x010068ce        0x2 
 .text.CAN3_Error_IRQHandler
                0x010068d0       0x16 ./SDK/platform/drivers/src/flexcan/flexcan_irq.o
                0x010068d0                CAN3_Error_IRQHandler
 *fill*         0x010068e6        0x2 
 .text.CAN3_ORed_00_03_MB_IRQHandler
                0x010068e8       0x16 ./SDK/platform/drivers/src/flexcan/flexcan_irq.o
                0x010068e8                CAN3_ORed_00_03_MB_IRQHandler
 *fill*         0x010068fe        0x2 
 .text.CAN3_ORed_04_07_MB_IRQHandler
                0x01006900       0x16 ./SDK/platform/drivers/src/flexcan/flexcan_irq.o
                0x01006900                CAN3_ORed_04_07_MB_IRQHandler
 *fill*         0x01006916        0x2 
 .text.CAN3_ORed_08_11_MB_IRQHandler
                0x01006918       0x16 ./SDK/platform/drivers/src/flexcan/flexcan_irq.o
                0x01006918                CAN3_ORed_08_11_MB_IRQHandler
 *fill*         0x0100692e        0x2 
 .text.CAN3_ORed_12_15_MB_IRQHandler
                0x01006930       0x16 ./SDK/platform/drivers/src/flexcan/flexcan_irq.o
                0x01006930                CAN3_ORed_12_15_MB_IRQHandler
 *fill*         0x01006946        0x2 
 .text.CAN3_ORed_16_31_MB_IRQHandler
                0x01006948       0x16 ./SDK/platform/drivers/src/flexcan/flexcan_irq.o
                0x01006948                CAN3_ORed_16_31_MB_IRQHandler
 *fill*         0x0100695e        0x2 
 .text.CAN3_ORed_32_63_MB_IRQHandler
                0x01006960       0x16 ./SDK/platform/drivers/src/flexcan/flexcan_irq.o
                0x01006960                CAN3_ORed_32_63_MB_IRQHandler
 *fill*         0x01006976        0x2 
 .text.CAN3_ORed_64_95_MB_IRQHandler
                0x01006978       0x16 ./SDK/platform/drivers/src/flexcan/flexcan_irq.o
                0x01006978                CAN3_ORed_64_95_MB_IRQHandler
 *fill*         0x0100698e        0x2 
 .text.CAN4_ORed_IRQHandler
                0x01006990       0x16 ./SDK/platform/drivers/src/flexcan/flexcan_irq.o
                0x01006990                CAN4_ORed_IRQHandler
 *fill*         0x010069a6        0x2 
 .text.CAN4_Error_IRQHandler
                0x010069a8       0x16 ./SDK/platform/drivers/src/flexcan/flexcan_irq.o
                0x010069a8                CAN4_Error_IRQHandler
 *fill*         0x010069be        0x2 
 .text.CAN4_ORed_00_03_MB_IRQHandler
                0x010069c0       0x16 ./SDK/platform/drivers/src/flexcan/flexcan_irq.o
                0x010069c0                CAN4_ORed_00_03_MB_IRQHandler
 *fill*         0x010069d6        0x2 
 .text.CAN4_ORed_04_07_MB_IRQHandler
                0x010069d8       0x16 ./SDK/platform/drivers/src/flexcan/flexcan_irq.o
                0x010069d8                CAN4_ORed_04_07_MB_IRQHandler
 *fill*         0x010069ee        0x2 
 .text.CAN4_ORed_08_11_MB_IRQHandler
                0x010069f0       0x16 ./SDK/platform/drivers/src/flexcan/flexcan_irq.o
                0x010069f0                CAN4_ORed_08_11_MB_IRQHandler
 *fill*         0x01006a06        0x2 
 .text.CAN4_ORed_12_15_MB_IRQHandler
                0x01006a08       0x16 ./SDK/platform/drivers/src/flexcan/flexcan_irq.o
                0x01006a08                CAN4_ORed_12_15_MB_IRQHandler
 *fill*         0x01006a1e        0x2 
 .text.CAN4_ORed_16_31_MB_IRQHandler
                0x01006a20       0x16 ./SDK/platform/drivers/src/flexcan/flexcan_irq.o
                0x01006a20                CAN4_ORed_16_31_MB_IRQHandler
 *fill*         0x01006a36        0x2 
 .text.CAN4_ORed_32_63_MB_IRQHandler
                0x01006a38       0x16 ./SDK/platform/drivers/src/flexcan/flexcan_irq.o
                0x01006a38                CAN4_ORed_32_63_MB_IRQHandler
 *fill*         0x01006a4e        0x2 
 .text.CAN4_ORed_64_95_MB_IRQHandler
                0x01006a50       0x16 ./SDK/platform/drivers/src/flexcan/flexcan_irq.o
                0x01006a50                CAN4_ORed_64_95_MB_IRQHandler
 *fill*         0x01006a66        0x2 
 .text.CAN5_ORed_IRQHandler
                0x01006a68       0x16 ./SDK/platform/drivers/src/flexcan/flexcan_irq.o
                0x01006a68                CAN5_ORed_IRQHandler
 *fill*         0x01006a7e        0x2 
 .text.CAN5_Error_IRQHandler
                0x01006a80       0x16 ./SDK/platform/drivers/src/flexcan/flexcan_irq.o
                0x01006a80                CAN5_Error_IRQHandler
 *fill*         0x01006a96        0x2 
 .text.CAN5_ORed_00_03_MB_IRQHandler
                0x01006a98       0x16 ./SDK/platform/drivers/src/flexcan/flexcan_irq.o
                0x01006a98                CAN5_ORed_00_03_MB_IRQHandler
 *fill*         0x01006aae        0x2 
 .text.CAN5_ORed_04_07_MB_IRQHandler
                0x01006ab0       0x16 ./SDK/platform/drivers/src/flexcan/flexcan_irq.o
                0x01006ab0                CAN5_ORed_04_07_MB_IRQHandler
 *fill*         0x01006ac6        0x2 
 .text.CAN5_ORed_08_11_MB_IRQHandler
                0x01006ac8       0x16 ./SDK/platform/drivers/src/flexcan/flexcan_irq.o
                0x01006ac8                CAN5_ORed_08_11_MB_IRQHandler
 *fill*         0x01006ade        0x2 
 .text.CAN5_ORed_12_15_MB_IRQHandler
                0x01006ae0       0x16 ./SDK/platform/drivers/src/flexcan/flexcan_irq.o
                0x01006ae0                CAN5_ORed_12_15_MB_IRQHandler
 *fill*         0x01006af6        0x2 
 .text.CAN5_ORed_16_31_MB_IRQHandler
                0x01006af8       0x16 ./SDK/platform/drivers/src/flexcan/flexcan_irq.o
                0x01006af8                CAN5_ORed_16_31_MB_IRQHandler
 *fill*         0x01006b0e        0x2 
 .text.CAN5_ORed_32_63_MB_IRQHandler
                0x01006b10       0x16 ./SDK/platform/drivers/src/flexcan/flexcan_irq.o
                0x01006b10                CAN5_ORed_32_63_MB_IRQHandler
 *fill*         0x01006b26        0x2 
 .text.CAN5_ORed_64_95_MB_IRQHandler
                0x01006b28       0x16 ./SDK/platform/drivers/src/flexcan/flexcan_irq.o
                0x01006b28                CAN5_ORed_64_95_MB_IRQHandler
 *fill*         0x01006b3e        0x2 
 .text.CAN6_ORed_IRQHandler
                0x01006b40       0x16 ./SDK/platform/drivers/src/flexcan/flexcan_irq.o
                0x01006b40                CAN6_ORed_IRQHandler
 *fill*         0x01006b56        0x2 
 .text.CAN6_Error_IRQHandler
                0x01006b58       0x16 ./SDK/platform/drivers/src/flexcan/flexcan_irq.o
                0x01006b58                CAN6_Error_IRQHandler
 *fill*         0x01006b6e        0x2 
 .text.CAN6_ORed_00_03_MB_IRQHandler
                0x01006b70       0x16 ./SDK/platform/drivers/src/flexcan/flexcan_irq.o
                0x01006b70                CAN6_ORed_00_03_MB_IRQHandler
 *fill*         0x01006b86        0x2 
 .text.CAN6_ORed_04_07_MB_IRQHandler
                0x01006b88       0x16 ./SDK/platform/drivers/src/flexcan/flexcan_irq.o
                0x01006b88                CAN6_ORed_04_07_MB_IRQHandler
 *fill*         0x01006b9e        0x2 
 .text.CAN6_ORed_08_11_MB_IRQHandler
                0x01006ba0       0x16 ./SDK/platform/drivers/src/flexcan/flexcan_irq.o
                0x01006ba0                CAN6_ORed_08_11_MB_IRQHandler
 *fill*         0x01006bb6        0x2 
 .text.CAN6_ORed_12_15_MB_IRQHandler
                0x01006bb8       0x16 ./SDK/platform/drivers/src/flexcan/flexcan_irq.o
                0x01006bb8                CAN6_ORed_12_15_MB_IRQHandler
 *fill*         0x01006bce        0x2 
 .text.CAN6_ORed_16_31_MB_IRQHandler
                0x01006bd0       0x16 ./SDK/platform/drivers/src/flexcan/flexcan_irq.o
                0x01006bd0                CAN6_ORed_16_31_MB_IRQHandler
 *fill*         0x01006be6        0x2 
 .text.CAN6_ORed_32_63_MB_IRQHandler
                0x01006be8       0x16 ./SDK/platform/drivers/src/flexcan/flexcan_irq.o
                0x01006be8                CAN6_ORed_32_63_MB_IRQHandler
 *fill*         0x01006bfe        0x2 
 .text.CAN6_ORed_64_95_MB_IRQHandler
                0x01006c00       0x16 ./SDK/platform/drivers/src/flexcan/flexcan_irq.o
                0x01006c00                CAN6_ORed_64_95_MB_IRQHandler
 *fill*         0x01006c16        0x2 
 .text.CAN7_ORed_IRQHandler
                0x01006c18       0x16 ./SDK/platform/drivers/src/flexcan/flexcan_irq.o
                0x01006c18                CAN7_ORed_IRQHandler
 *fill*         0x01006c2e        0x2 
 .text.CAN7_Error_IRQHandler
                0x01006c30       0x16 ./SDK/platform/drivers/src/flexcan/flexcan_irq.o
                0x01006c30                CAN7_Error_IRQHandler
 *fill*         0x01006c46        0x2 
 .text.CAN7_ORed_00_03_MB_IRQHandler
                0x01006c48       0x16 ./SDK/platform/drivers/src/flexcan/flexcan_irq.o
                0x01006c48                CAN7_ORed_00_03_MB_IRQHandler
 *fill*         0x01006c5e        0x2 
 .text.CAN7_ORed_04_07_MB_IRQHandler
                0x01006c60       0x16 ./SDK/platform/drivers/src/flexcan/flexcan_irq.o
                0x01006c60                CAN7_ORed_04_07_MB_IRQHandler
 *fill*         0x01006c76        0x2 
 .text.CAN7_ORed_08_11_MB_IRQHandler
                0x01006c78       0x16 ./SDK/platform/drivers/src/flexcan/flexcan_irq.o
                0x01006c78                CAN7_ORed_08_11_MB_IRQHandler
 *fill*         0x01006c8e        0x2 
 .text.CAN7_ORed_12_15_MB_IRQHandler
                0x01006c90       0x16 ./SDK/platform/drivers/src/flexcan/flexcan_irq.o
                0x01006c90                CAN7_ORed_12_15_MB_IRQHandler
 *fill*         0x01006ca6        0x2 
 .text.CAN7_ORed_16_31_MB_IRQHandler
                0x01006ca8       0x16 ./SDK/platform/drivers/src/flexcan/flexcan_irq.o
                0x01006ca8                CAN7_ORed_16_31_MB_IRQHandler
 *fill*         0x01006cbe        0x2 
 .text.CAN7_ORed_32_63_MB_IRQHandler
                0x01006cc0       0x16 ./SDK/platform/drivers/src/flexcan/flexcan_irq.o
                0x01006cc0                CAN7_ORed_32_63_MB_IRQHandler
 *fill*         0x01006cd6        0x2 
 .text.CAN7_ORed_64_95_MB_IRQHandler
                0x01006cd8       0x16 ./SDK/platform/drivers/src/flexcan/flexcan_irq.o
                0x01006cd8                CAN7_ORed_64_95_MB_IRQHandler
 *fill*         0x01006cee        0x2 
 .text.INT_SYS_EnableIRQ
                0x01006cf0       0x4c ./SDK/platform/drivers/src/interrupt/interrupt_manager_MPC57xx.o
                0x01006cf0                INT_SYS_EnableIRQ
 .text.INT_SYS_EnableIRQGlobal
                0x01006d3c       0x26 ./SDK/platform/drivers/src/interrupt/interrupt_manager_MPC57xx.o
                0x01006d3c                INT_SYS_EnableIRQGlobal
 *fill*         0x01006d62        0x2 
 .text.INT_SYS_DisableIRQGlobal
                0x01006d64       0x10 ./SDK/platform/drivers/src/interrupt/interrupt_manager_MPC57xx.o
                0x01006d64                INT_SYS_DisableIRQGlobal
 .text.PINS_DRV_Init
                0x01006d74       0x38 ./SDK/platform/drivers/src/pins/siul2/pins_siul2_driver.o
                0x01006d74                PINS_DRV_Init
 .text.PINS_DRV_ClearPins
                0x01006dac       0x5a ./SDK/platform/drivers/src/pins/siul2/pins_siul2_driver.o
                0x01006dac                PINS_DRV_ClearPins
 *fill*         0x01006e06        0x2 
 .text.PINS_DRV_TogglePins
                0x01006e08       0x5a ./SDK/platform/drivers/src/pins/siul2/pins_siul2_driver.o
                0x01006e08                PINS_DRV_TogglePins
 *fill*         0x01006e62        0x2 
 .text.PINS_Init
                0x01006e64      0x1a6 ./SDK/platform/drivers/src/pins/siul2/siul2_hw_access.o
                0x01006e64                PINS_Init
 *fill*         0x0100700a        0x2 
 .text.CAN_FindFlexCANState
                0x0100700c       0x1c ./SDK/platform/pal/src/can/can_pal.o
 .text.CAN_Init
                0x01007028      0x16c ./SDK/platform/pal/src/can/can_pal.o
                0x01007028                CAN_Init
 .text.CAN_ConfigTxBuff
                0x01007194      0x118 ./SDK/platform/pal/src/can/can_pal.o
                0x01007194                CAN_ConfigTxBuff
 .text.CAN_ConfigRxBuff
                0x010072ac      0x122 ./SDK/platform/pal/src/can/can_pal.o
                0x010072ac                CAN_ConfigRxBuff
 *fill*         0x010073ce        0x2 
 .text.CAN_Send
                0x010073d0      0x11e ./SDK/platform/pal/src/can/can_pal.o
                0x010073d0                CAN_Send
 *fill*         0x010074ee        0x2 
 .text.CAN_Receive
                0x010074f0       0xc6 ./SDK/platform/pal/src/can/can_pal.o
                0x010074f0                CAN_Receive
 *fill*         0x010075b6        0x2 
 .text.CAN_GetTransferStatus
                0x010075b8       0x98 ./SDK/platform/pal/src/can/can_pal.o
                0x010075b8                CAN_GetTransferStatus
 .text.OSIF_SemaPost
                0x01007650       0x54 ./SDK/rtos/osif/osif_baremetal.o
                0x01007650                OSIF_SemaPost
 .text.OSIF_SemaCreate
                0x010076a4       0x42 ./SDK/rtos/osif/osif_baremetal.o
                0x010076a4                OSIF_SemaCreate
 *fill*         0x010076e6        0x2 
 .text.OSIF_SemaDestroy
                0x010076e8       0x1e ./SDK/rtos/osif/osif_baremetal.o
                0x010076e8                OSIF_SemaDestroy
 *fill*         0x01007706        0x2 
 .text.BoardInit
                0x01007708       0x3e ./Sources/main.o
                0x01007708                BoardInit
 *fill*         0x01007746        0x2 
 .text.GPIOInit
                0x01007748       0x24 ./Sources/main.o
                0x01007748                GPIOInit
 .text.main     0x0100776c       0xe6 ./Sources/main.o
                0x0100776c                main
 .text.memcpy   0x01007852       0x3c C:/NXP/S32DS_Power_v2.1/S32DS/build_tools/e200_ewl2/lib/e200z4/fp\libc99.a(memcpy.o)
                0x01007852                memcpy
 *(.init)
 *fill*         0x0100788e        0x2 
 .init          0x01007890        0xc c:/nxp/s32ds_power_v2.1/s32ds/build_tools/powerpc-eabivle-4_9/bin/../lib/gcc/powerpc-eabivle/4.9.4/e200z4/fp/ecrti.o
                0x01007890                __init
 .init          0x0100789c        0x4 c:/nxp/s32ds_power_v2.1/s32ds/build_tools/powerpc-eabivle-4_9/bin/../lib/gcc/powerpc-eabivle/4.9.4/e200z4/fp/crtbegin.o
 .init          0x010078a0        0x4 c:/nxp/s32ds_power_v2.1/s32ds/build_tools/powerpc-eabivle-4_9/bin/../lib/gcc/powerpc-eabivle/4.9.4/e200z4/fp/crtend.o
 .init          0x010078a4        0xa c:/nxp/s32ds_power_v2.1/s32ds/build_tools/powerpc-eabivle-4_9/bin/../lib/gcc/powerpc-eabivle/4.9.4/e200z4/fp/ecrtn.o
 *(.fini)
 *fill*         0x010078ae        0x2 
 .fini          0x010078b0        0xc c:/nxp/s32ds_power_v2.1/s32ds/build_tools/powerpc-eabivle-4_9/bin/../lib/gcc/powerpc-eabivle/4.9.4/e200z4/fp/ecrti.o
                0x010078b0                __fini
 .fini          0x010078bc        0x4 c:/nxp/s32ds_power_v2.1/s32ds/build_tools/powerpc-eabivle-4_9/bin/../lib/gcc/powerpc-eabivle/4.9.4/e200z4/fp/crtbegin.o
 .fini          0x010078c0        0xa c:/nxp/s32ds_power_v2.1/s32ds/build_tools/powerpc-eabivle-4_9/bin/../lib/gcc/powerpc-eabivle/4.9.4/e200z4/fp/ecrtn.o
                0x010078d0                . = ALIGN (0x10)
 *fill*         0x010078ca        0x6 

.glink          0x010078d0        0x0
 .glink         0x010078d0        0x0 c:/nxp/s32ds_power_v2.1/s32ds/build_tools/powerpc-eabivle-4_9/bin/../lib/gcc/powerpc-eabivle/4.9.4/e200z4/fp/crtbegin.o

.sdata2         0x010078d0        0x8
                0x010078d0                . = ALIGN (0x4)
                0x010078d0                __sdata2_start__ = .
 *(.sdata2)
 .sdata2        0x010078d0        0x0 c:/nxp/s32ds_power_v2.1/s32ds/build_tools/powerpc-eabivle-4_9/bin/../lib/gcc/powerpc-eabivle/4.9.4/e200z4/fp/ecrti.o
                0x010078d0                __SDATA2_START__
 .sdata2        0x010078d0        0x0 c:/nxp/s32ds_power_v2.1/s32ds/build_tools/powerpc-eabivle-4_9/bin/../lib/gcc/powerpc-eabivle/4.9.4/e200z4/fp/crtbegin.o
                0x0100f8d0                _SDA2_BASE_
 *(.sdata2.*)
 .sdata2.CAN_1_instance
                0x010078d0        0x8 ./Generated_Code/CAN_1.o
                0x010078d0                CAN_1_instance
                0x010078d8                . = ALIGN (0x4)
                0x010078d8                __sdata2_end__ = .

.got2           0x010078d8       0x1c
 *(.got2*)
 .got2          0x010078d8       0x1c c:/nxp/s32ds_power_v2.1/s32ds/build_tools/powerpc-eabivle-4_9/bin/../lib/gcc/powerpc-eabivle/4.9.4/e200z4/fp\libgcc.a(eabivle.o)

.preinit_array  0x010078f4        0x0
                [!provide]                PROVIDE (__preinit_array_start, .)
 *(.preinit_array)
                [!provide]                PROVIDE (__preinit_array_end, .)

.init_array     0x010078f4        0x0
                [!provide]                PROVIDE (__init_array_start, .)
 *(SORT(.init_array.*))
 *(.init_array)
                [!provide]                PROVIDE (__init_array_end, .)

.dtors          0x010078f4        0x8
 *crtbegin.o(.dtors)
 .dtors         0x010078f4        0x4 c:/nxp/s32ds_power_v2.1/s32ds/build_tools/powerpc-eabivle-4_9/bin/../lib/gcc/powerpc-eabivle/4.9.4/e200z4/fp/crtbegin.o
 *crtbegin?.o(.dtors)
 *(EXCLUDE_FILE(*crtend?.o *crtend.o) .dtors)
 .dtors         0x010078f8        0x0 c:/nxp/s32ds_power_v2.1/s32ds/build_tools/powerpc-eabivle-4_9/bin/../lib/gcc/powerpc-eabivle/4.9.4/e200z4/fp/ecrti.o
                0x010078f8                __DTOR_LIST__
 .dtors         0x010078f8        0x0 c:/nxp/s32ds_power_v2.1/s32ds/build_tools/powerpc-eabivle-4_9/bin/../lib/gcc/powerpc-eabivle/4.9.4/e200z4/fp/ecrtn.o
 *(SORT(.dtors.*))
 *(.dtors)
 .dtors         0x010078f8        0x4 c:/nxp/s32ds_power_v2.1/s32ds/build_tools/powerpc-eabivle-4_9/bin/../lib/gcc/powerpc-eabivle/4.9.4/e200z4/fp/crtend.o
                0x010078f8                __DTOR_END__

.ctors          0x010078fc        0x8
 *crtbegin.o(.ctors)
 .ctors         0x010078fc        0x4 c:/nxp/s32ds_power_v2.1/s32ds/build_tools/powerpc-eabivle-4_9/bin/../lib/gcc/powerpc-eabivle/4.9.4/e200z4/fp/crtbegin.o
 *crtbegin?.o(.ctors)
 *(EXCLUDE_FILE(*crtend?.o *crtend.o) .ctors)
 .ctors         0x01007900        0x0 c:/nxp/s32ds_power_v2.1/s32ds/build_tools/powerpc-eabivle-4_9/bin/../lib/gcc/powerpc-eabivle/4.9.4/e200z4/fp/ecrti.o
                0x01007900                __CTOR_LIST__
 .ctors         0x01007900        0x0 c:/nxp/s32ds_power_v2.1/s32ds/build_tools/powerpc-eabivle-4_9/bin/../lib/gcc/powerpc-eabivle/4.9.4/e200z4/fp/ecrtn.o
                0x01007900                __CTOR_END__
 *(SORT(.ctors.*))
 *(.ctors)
 .ctors         0x01007900        0x4 c:/nxp/s32ds_power_v2.1/s32ds/build_tools/powerpc-eabivle-4_9/bin/../lib/gcc/powerpc-eabivle/4.9.4/e200z4/fp/crtend.o

.fini_array     0x01007904        0x0
                [!provide]                PROVIDE (__fini_array_start, .)
 *(SORT(.fini_array.*))
 *(.fini_array)
                [!provide]                PROVIDE (__fini_array_end, .)

.rodata         0x01007904      0x49d
 *(.rodata)
 .rodata        0x01007904       0x10 ./SDK/platform/drivers/src/flexcan/flexcan_driver.o
 *(.rodata.*)
 .rodata.CAN_1_Config0
                0x01007914       0x44 ./Generated_Code/CAN_1.o
                0x01007914                CAN_1_Config0
 .rodata.s_vectors
                0x01007958        0xc ./SDK/platform/devices/startup.o
 .rodata.CLOCK_DRV_Init
                0x01007964      0x100 ./SDK/platform/drivers/src/clock/MPC57xx/clock_MPC57xx.o
 .rodata.clockNameMappings
                0x01007a64      0x10a ./SDK/platform/drivers/src/clock/MPC57xx/clock_MPC57xx.o
                0x01007a64                clockNameMappings
 *fill*         0x01007b6e        0x2 
 .rodata.EDMA_DRV_ConfigSingleBlockTransfer
                0x01007b70       0x10 ./SDK/platform/drivers/src/edma/edma_driver.o
 .rodata.g_flexcanBusOffIrqId
                0x01007b80       0x20 ./SDK/platform/drivers/src/flexcan/flexcan_driver.o
 .rodata.g_flexcanErrorIrqId
                0x01007ba0       0x20 ./SDK/platform/drivers/src/flexcan/flexcan_driver.o
 .rodata.g_flexcanOredMessageBufferIrqId
                0x01007bc0       0xe0 ./SDK/platform/drivers/src/flexcan/flexcan_driver.o
 .rodata.g_flexcanBase
                0x01007ca0       0x20 ./SDK/platform/drivers/src/flexcan/flexcan_driver.o
 .rodata.g_flexcanWakeUpIrqId
                0x01007cc0       0x20 ./SDK/platform/drivers/src/flexcan/flexcan_driver.o
 .rodata.FLEXCAN_ComputePayloadSize
                0x01007ce0       0x1c ./SDK/platform/drivers/src/flexcan/flexcan_hw_access.o
 .rodata.FLEXCAN_SetRxFifoFilter
                0x01007cfc       0x10 ./SDK/platform/drivers/src/flexcan/flexcan_hw_access.o
 .rodata.FLEXCAN_SetOperationMode
                0x01007d0c       0x14 ./SDK/platform/drivers/src/flexcan/flexcan_hw_access.o
 .rodata.flexcanBase.5515
                0x01007d20       0x20 ./SDK/platform/drivers/src/flexcan/flexcan_hw_access.o
 .rodata.maxMbNum.5516
                0x01007d40       0x20 ./SDK/platform/drivers/src/flexcan/flexcan_hw_access.o
 .rodata.payload_code.5496
                0x01007d60       0x41 ./SDK/platform/drivers/src/flexcan/flexcan_hw_access.o

.sbss2          0x01007da1        0x0
 .sbss2         0x01007da1        0x0 c:/nxp/s32ds_power_v2.1/s32ds/build_tools/powerpc-eabivle-4_9/bin/../lib/gcc/powerpc-eabivle/4.9.4/e200z4/fp/ecrtn.o

.eh_frame_hdr   0x01007da4        0xc
 *(.eh_frame_hdr)
 .eh_frame_hdr  0x01007da4        0xc c:/nxp/s32ds_power_v2.1/s32ds/build_tools/powerpc-eabivle-4_9/bin/../lib/gcc/powerpc-eabivle/4.9.4/e200z4/fp\libgcc.a(e200crtresxgpr.o)
                0x01007da4                __GNU_EH_FRAME_HDR

.eh_frame       0x01007db0        0x8
 *(.eh_frame)
 .eh_frame      0x01007db0        0x0 c:/nxp/s32ds_power_v2.1/s32ds/build_tools/powerpc-eabivle-4_9/bin/../lib/gcc/powerpc-eabivle/4.9.4/e200z4/fp/ecrti.o
                0x01007db0                __EH_FRAME_BEGIN__
 .eh_frame      0x01007db0        0x0 c:/nxp/s32ds_power_v2.1/s32ds/build_tools/powerpc-eabivle-4_9/bin/../lib/gcc/powerpc-eabivle/4.9.4/e200z4/fp/crtbegin.o
 .eh_frame      0x01007db0        0x0 c:/nxp/s32ds_power_v2.1/s32ds/build_tools/powerpc-eabivle-4_9/bin/../lib/gcc/powerpc-eabivle/4.9.4/e200z4/fp/crtbegin.o
 .eh_frame      0x01007db0        0x0 c:/nxp/s32ds_power_v2.1/s32ds/build_tools/powerpc-eabivle-4_9/bin/../lib/gcc/powerpc-eabivle/4.9.4/e200z4/fp\libgcc.a(e200crtresxgpr.o)
                                 0x7c (size before relaxing)
 .eh_frame      0x01007db0        0x4 c:/nxp/s32ds_power_v2.1/s32ds/build_tools/powerpc-eabivle-4_9/bin/../lib/gcc/powerpc-eabivle/4.9.4/e200z4/fp/crtend.o
 .eh_frame      0x01007db4        0x4 c:/nxp/s32ds_power_v2.1/s32ds/build_tools/powerpc-eabivle-4_9/bin/../lib/gcc/powerpc-eabivle/4.9.4/e200z4/fp/ecrtn.o
                0x01007db4                __EH_FRAME_END__

.init_table     0x01007db8       0x40
                0x01007db8                . = ALIGN (0x4)
                0x01007db8                __COPY_TABLE = .
 *(.init_table)
 .init_table    0x01007db8       0x40 ./Project_Settings/Startup_Code/startup_MPC5748G.o

.zero_table     0x01007df8       0x14
                0x01007df8                . = ALIGN (0x4)
                0x01007df8                __ZERO_TABLE = .
 *(.zero_table)
 .zero_table    0x01007df8       0x14 ./Project_Settings/Startup_Code/startup_MPC5748G.o
                0x01007e0c                __TEXT_END = .

.rela.dyn       0x01007e0c        0x0
 .rela.iplt     0x01007e0c        0x0 c:/nxp/s32ds_power_v2.1/s32ds/build_tools/powerpc-eabivle-4_9/bin/../lib/gcc/powerpc-eabivle/4.9.4/e200z4/fp/crtbegin.o
 .rela.text     0x01007e0c        0x0 c:/nxp/s32ds_power_v2.1/s32ds/build_tools/powerpc-eabivle-4_9/bin/../lib/gcc/powerpc-eabivle/4.9.4/e200z4/fp/crtbegin.o
 .rela.init_table
                0x01007e0c        0x0 c:/nxp/s32ds_power_v2.1/s32ds/build_tools/powerpc-eabivle-4_9/bin/../lib/gcc/powerpc-eabivle/4.9.4/e200z4/fp/crtbegin.o
 .rela.zero_table
                0x01007e0c        0x0 c:/nxp/s32ds_power_v2.1/s32ds/build_tools/powerpc-eabivle-4_9/bin/../lib/gcc/powerpc-eabivle/4.9.4/e200z4/fp/crtbegin.o
 .rela.cpu0_reset_vector
                0x01007e0c        0x0 c:/nxp/s32ds_power_v2.1/s32ds/build_tools/powerpc-eabivle-4_9/bin/../lib/gcc/powerpc-eabivle/4.9.4/e200z4/fp/crtbegin.o
 .rela.intc_vector_table
                0x01007e0c        0x0 c:/nxp/s32ds_power_v2.1/s32ds/build_tools/powerpc-eabivle-4_9/bin/../lib/gcc/powerpc-eabivle/4.9.4/e200z4/fp/crtbegin.o
 .rela.text.init_data_bss
                0x01007e0c        0x0 c:/nxp/s32ds_power_v2.1/s32ds/build_tools/powerpc-eabivle-4_9/bin/../lib/gcc/powerpc-eabivle/4.9.4/e200z4/fp/crtbegin.o
 .rela.text.INT_SYS_InstallHandler
                0x01007e0c        0x0 c:/nxp/s32ds_power_v2.1/s32ds/build_tools/powerpc-eabivle-4_9/bin/../lib/gcc/powerpc-eabivle/4.9.4/e200z4/fp/crtbegin.o
 .rela.got2     0x01007e0c        0x0 c:/nxp/s32ds_power_v2.1/s32ds/build_tools/powerpc-eabivle-4_9/bin/../lib/gcc/powerpc-eabivle/4.9.4/e200z4/fp/crtbegin.o

.interrupts_ram
                0x40000000      0xc00
                0x40000000                __VECTOR_RAM = .
 *(.m_interrupts_ram)
                0x40000c00                . = (. + __RAM_VECTOR_TABLE_SIZE)
 *fill*         0x40000000      0xc00 
                0x01007e0c                __CUSTOM_ROM = __TEXT_END

.customSectionBlock
                0x40000c00        0x0 load address 0x01007e0c
                0x40000c00                . = ALIGN (0x4)
                0x40000c00                __CUSTOM_RAM = .
                0x40000c00                __customSectionStart = .
                0x40000c00                __customSection_start__ = .
 *(.customSection)
                0x40000c00                . = ALIGN (0x4)
                0x40000c00                __customSection_end__ = .
                0x40000c00                __customSectionEnd = .
                0x01007e0c                __CUSTOM_END = (__CUSTOM_ROM + (__customSection_end__ - __customSection_start__))
                0x01007e0c                __DATA_ROM = __CUSTOM_END

.data           0x40000c00      0xef4 load address 0x01007e0c
                0x40000c00                . = ALIGN (0x4)
                0x40000c00                __DATA_RAM = .
                0x40000c00                __data_start__ = .
 *(.data)
 .data          0x40000c00        0x4 c:/nxp/s32ds_power_v2.1/s32ds/build_tools/powerpc-eabivle-4_9/bin/../lib/gcc/powerpc-eabivle/4.9.4/e200z4/fp\libgcc.a(eabivle.o)
 *(.data.*)
 .data.peripheralClockMcMeConfig0
                0x40000c04      0x360 ./Generated_Code/clockMan1.o
                0x40000c04                peripheralClockMcMeConfig0
 .data.clockMan1_InitConfig0
                0x40000f64      0x248 ./Generated_Code/clockMan1.o
                0x40000f64                clockMan1_InitConfig0
 .data.g_pin_mux_InitConfigArr
                0x400011ac      0x948 ./Generated_Code/pin_mux.o
                0x400011ac                g_pin_mux_InitConfigArr
                0x40001af4                . = ALIGN (0x4)
                0x40001af4                __data_end__ = .
                0x01008d00                __DATA_END = (__DATA_ROM + (__data_end__ - __data_start__))
                0x01008d00                __SDATA_ROM = __DATA_END

.jcr            0x40001af4        0x0 load address 0x01008d00
 .jcr           0x40001af4        0x0 c:/nxp/s32ds_power_v2.1/s32ds/build_tools/powerpc-eabivle-4_9/bin/../lib/gcc/powerpc-eabivle/4.9.4/e200z4/fp/crtbegin.o

.tm_clone_table
                0x40001af4        0x0 load address 0x01008d00
 .tm_clone_table
                0x40001af4        0x0 c:/nxp/s32ds_power_v2.1/s32ds/build_tools/powerpc-eabivle-4_9/bin/../lib/gcc/powerpc-eabivle/4.9.4/e200z4/fp/crtbegin.o
 .tm_clone_table
                0x40001af4        0x0 c:/nxp/s32ds_power_v2.1/s32ds/build_tools/powerpc-eabivle-4_9/bin/../lib/gcc/powerpc-eabivle/4.9.4/e200z4/fp/crtend.o

.sdata          0x40001af4        0xc load address 0x01008d00
                0x40001af4                . = ALIGN (0x4)
                0x40001af4                __SDATA_RAM = .
                0x40001af4                __sdata_start__ = .
 *(.sdata)
 .sdata         0x40001af4        0x0 c:/nxp/s32ds_power_v2.1/s32ds/build_tools/powerpc-eabivle-4_9/bin/../lib/gcc/powerpc-eabivle/4.9.4/e200z4/fp/ecrti.o
                0x40001af4                __SDATA_START__
 .sdata         0x40001af4        0x0 c:/nxp/s32ds_power_v2.1/s32ds/build_tools/powerpc-eabivle-4_9/bin/../lib/gcc/powerpc-eabivle/4.9.4/e200z4/fp/crtbegin.o
                0x40009af4                _SDA_BASE_
 *(.sdata.*)
 .sdata.g_clockManConfigsArr
                0x40001af4        0x4 ./Generated_Code/clockMan1.o
                0x40001af4                g_clockManConfigsArr
 .sdata.g_xtal0ClkFreq
                0x40001af8        0x4 ./SDK/platform/drivers/src/clock/MPC57xx/clock_MPC57xx.o
                0x40001af8                g_xtal0ClkFreq
 .sdata.g_xtal1ClkFreq
                0x40001afc        0x4 ./SDK/platform/drivers/src/clock/MPC57xx/clock_MPC57xx.o
                0x40001afc                g_xtal1ClkFreq
                0x40001b00                . = ALIGN (0x4)
                0x40001b00                __sdata_end__ = .
                0x01008d0c                __SDATA_END = (__SDATA_ROM + (__sdata_end__ - __sdata_start__))

.sbss           0x40001b00       0x4c load address 0x01008d0c
                0x40001b00                . = ALIGN (0x4)
                0x40001b00                __SBSS_START = .
                0x40001b00                __sbss_start__ = .
 *(.sbss)
 .sbss          0x40001b00        0x0 c:/nxp/s32ds_power_v2.1/s32ds/build_tools/powerpc-eabivle-4_9/bin/../lib/gcc/powerpc-eabivle/4.9.4/e200z4/fp/ecrtn.o
                0x40001b00                __SBSS_END__
 *(.sbss.*)
 .sbss.g_clockManCallbacksArr
                0x40001b00        0x4 ./Generated_Code/clockMan1.o
                0x40001b00                g_clockManCallbacksArr
 .sbss.g_pllPhi1ClkFreq
                0x40001b04        0x4 ./SDK/platform/drivers/src/clock/MPC57xx/clock_MPC57xx.o
 .sbss.g_enetRmiiClkFreq
                0x40001b08        0x4 ./SDK/platform/drivers/src/clock/MPC57xx/clock_MPC57xx.o
 .sbss.g_fircClkUndividedFreq
                0x40001b0c        0x4 ./SDK/platform/drivers/src/clock/MPC57xx/clock_MPC57xx.o
 .sbss.g_sircClkUndividedFreq
                0x40001b10        0x4 ./SDK/platform/drivers/src/clock/MPC57xx/clock_MPC57xx.o
 .sbss.g_fircClkFreq
                0x40001b14        0x4 ./SDK/platform/drivers/src/clock/MPC57xx/clock_MPC57xx.o
 .sbss.g_sxoscClkFreq
                0x40001b18        0x4 ./SDK/platform/drivers/src/clock/MPC57xx/clock_MPC57xx.o
 .sbss.g_pllPhi0ClkFreq
                0x40001b1c        0x4 ./SDK/platform/drivers/src/clock/MPC57xx/clock_MPC57xx.o
 .sbss.g_sircClkFreq
                0x40001b20        0x4 ./SDK/platform/drivers/src/clock/MPC57xx/clock_MPC57xx.o
 .sbss.clockSourceFrequenciesAreCalculatedAndCached.6272
                0x40001b24        0x1 ./SDK/platform/drivers/src/clock/MPC57xx/clock_MPC57xx.o
 *fill*         0x40001b25        0x3 
 .sbss.g_sxoscClkUndividedFreq
                0x40001b28        0x4 ./SDK/platform/drivers/src/clock/MPC57xx/clock_MPC57xx.o
 .sbss.g_fxoscClkUndividedFreq
                0x40001b2c        0x4 ./SDK/platform/drivers/src/clock/MPC57xx/clock_MPC57xx.o
 .sbss.g_fxoscClkFreq
                0x40001b30        0x4 ./SDK/platform/drivers/src/clock/MPC57xx/clock_MPC57xx.o
 .sbss.s_virtEdmaState
                0x40001b34        0x4 ./SDK/platform/drivers/src/edma/edma_driver.o
 .sbss.g_interruptDisableCount
                0x40001b38        0x4 ./SDK/platform/drivers/src/interrupt/interrupt_manager_MPC57xx.o
 .sbss.s_flexcanRxFifoState
                0x40001b3c        0x8 ./SDK/platform/pal/src/can/can_pal.o
 .sbss.s_flexcanStateInstanceMapping
                0x40001b44        0x4 ./SDK/platform/pal/src/can/can_pal.o
 .sbss.s_flexcanStateIsAllocated
                0x40001b48        0x1 ./SDK/platform/pal/src/can/can_pal.o
                0x40001b4c                . = ALIGN (0x4)
 *fill*         0x40001b49        0x3 
                0x40001b4c                __sbss_end__ = .
                0x40001b4c                __SBSS_END = .

.bss            0x40001b4c      0x7e8 load address 0x01008d58
                0x40001b4c                . = ALIGN (0x4)
                0x40001b4c                __BSS_START = .
                0x40001b4c                __bss_start__ = .
 *(.bss)
 .bss           0x40001b4c       0x20 c:/nxp/s32ds_power_v2.1/s32ds/build_tools/powerpc-eabivle-4_9/bin/../lib/gcc/powerpc-eabivle/4.9.4/e200z4/fp/crtbegin.o
 *(.bss.*)
 .bss.g_clockState
                0x40001b6c       0x10 ./SDK/platform/drivers/src/clock/MPC57xx/clock_MPC57xx.o
 .bss.g_flexcanStatePtr
                0x40001b7c       0x20 ./SDK/platform/drivers/src/flexcan/flexcan_driver.o
 .bss.s_flexcanState
                0x40001b9c      0x618 ./SDK/platform/pal/src/can/can_pal.o
 .bss.s_hwObjConfigs
                0x400021b4      0x180 ./SDK/platform/pal/src/can/can_pal.o
 *(COMMON)
                0x40002334                . = ALIGN (0x4)
                0x40002334                __bss_end__ = .
                0x40002334                __BSS_END = .
                0x01008d0c                __CODE_ROM = __SDATA_END

.iplt           0x40002340        0x0 load address 0x01009540
 .iplt          0x40002340        0x0 c:/nxp/s32ds_power_v2.1/s32ds/build_tools/powerpc-eabivle-4_9/bin/../lib/gcc/powerpc-eabivle/4.9.4/e200z4/fp/crtbegin.o

.code           0x40002334        0x0 load address 0x01008d0c
                0x40002334                . = ALIGN (0x4)
                0x40002334                __CODE_RAM = .
                0x40002334                __code_start__ = .
                0x40002334                __code_ram_start__ = .
 *(.code_ram)
                0x40002334                . = ALIGN (0x4)
                0x40002334                __code_ram_end__ = .
                0x40002334                __code_end__ = .
                0x01008d0c                __CODE_END = (__CODE_ROM + (__code_end__ - __code_start__))

.stack          0x40002340     0x1000 load address 0x01009550
                0x40002340                __HEAP = .
                [!provide]                PROVIDE (_end, .)
                [!provide]                PROVIDE (end, .)
                0x40002340                . = (. + __HEAP_SIZE)
                0x40002340                __HEAP_END = .
                0x40002340                _stack_end = .
                0x40003340                . = (. + __STACK_SIZE)
 *fill*         0x40002340     0x1000 
                0x40003340                . = ALIGN (0x4)
                0x40003340                _stack_addr = .
                0x40003340                __SP_INIT = .
                0x00040000                __SRAM_SIZE = SRAM_SIZE
                0x40000000                __SRAM_BASE_ADDR = SRAM_BASE_ADDR
                0x000007e8                __BSS_SIZE = (__BSS_END - __BSS_START)
OUTPUT(can_pal_mpc5748g.elf elf32-powerpc)

.comment        0x00000000       0x9c
 .comment       0x00000000        0xd c:/nxp/s32ds_power_v2.1/s32ds/build_tools/powerpc-eabivle-4_9/bin/../lib/gcc/powerpc-eabivle/4.9.4/e200z4/fp/ecrti.o
                                  0xe (size before relaxing)
 .comment       0x0000000d       0x82 c:/nxp/s32ds_power_v2.1/s32ds/build_tools/powerpc-eabivle-4_9/bin/../lib/gcc/powerpc-eabivle/4.9.4/e200z4/fp/crtbegin.o
                                 0x83 (size before relaxing)
 .comment       0x0000008f       0x83 ./Generated_Code/CAN_1.o
 .comment       0x0000008f       0x83 ./Generated_Code/clockMan1.o
 .comment       0x0000008f       0x83 ./Generated_Code/pin_mux.o
 .comment       0x0000008f       0x83 ./SDK/platform/devices/MPC5748G/startup/system_MPC5748G.o
 .comment       0x0000008f       0x83 ./SDK/platform/devices/startup.o
 .comment       0x0000008f       0x83 ./SDK/platform/drivers/src/clock/MPC57xx/clock_MPC57xx.o
 .comment       0x0000008f       0x83 ./SDK/platform/drivers/src/edma/edma_driver.o
 .comment       0x0000008f       0x83 ./SDK/platform/drivers/src/edma/edma_hw_access.o
 .comment       0x0000008f       0x83 ./SDK/platform/drivers/src/edma/edma_irq.o
 .comment       0x0000008f       0x83 ./SDK/platform/drivers/src/flexcan/flexcan_driver.o
 .comment       0x0000008f       0x83 ./SDK/platform/drivers/src/flexcan/flexcan_hw_access.o
 .comment       0x0000008f       0x83 ./SDK/platform/drivers/src/flexcan/flexcan_irq.o
 .comment       0x0000008f       0x83 ./SDK/platform/drivers/src/interrupt/interrupt_manager_MPC57xx.o
 .comment       0x0000008f       0x83 ./SDK/platform/drivers/src/pins/siul2/pins_siul2_driver.o
 .comment       0x0000008f       0x83 ./SDK/platform/drivers/src/pins/siul2/siul2_hw_access.o
 .comment       0x0000008f       0x83 ./SDK/platform/pal/src/can/can_pal.o
 .comment       0x0000008f       0x83 ./SDK/rtos/osif/osif_baremetal.o
 .comment       0x0000008f       0x83 ./Sources/main.o
 .comment       0x0000008f       0x83 C:/NXP/S32DS_Power_v2.1/S32DS/build_tools/e200_ewl2/lib/e200z4/fp\libc99.a(memcpy.o)
 .comment       0x0000008f       0x83 C:/NXP/S32DS_Power_v2.1/S32DS/build_tools/e200_ewl2/lib/e200z4/fp\libc99.a(memset.o)
 .comment       0x0000008f       0x83 C:/NXP/S32DS_Power_v2.1/S32DS/build_tools/e200_ewl2/lib/e200z4/fp\libc99.a(__filll_mem.o)
 .comment       0x0000008f       0x83 c:/nxp/s32ds_power_v2.1/s32ds/build_tools/powerpc-eabivle-4_9/bin/../lib/gcc/powerpc-eabivle/4.9.4/e200z4/fp/crtend.o
 .comment       0x0000008f        0xd c:/nxp/s32ds_power_v2.1/s32ds/build_tools/powerpc-eabivle-4_9/bin/../lib/gcc/powerpc-eabivle/4.9.4/e200z4/fp/ecrtn.o
                                  0xe (size before relaxing)

.PPC.EMB.apuinfo
                0x00000000       0x1c
 .PPC.EMB.apuinfo
                0x00000000       0x18 c:/nxp/s32ds_power_v2.1/s32ds/build_tools/powerpc-eabivle-4_9/bin/../lib/gcc/powerpc-eabivle/4.9.4/e200z4/fp/ecrti.o
 .PPC.EMB.apuinfo
                0x00000018       0x18 c:/nxp/s32ds_power_v2.1/s32ds/build_tools/powerpc-eabivle-4_9/bin/../lib/gcc/powerpc-eabivle/4.9.4/e200z4/fp/crtbegin.o
 .PPC.EMB.apuinfo
                0x00000030       0x1c ./Project_Settings/Startup_Code/core0_intc_sw_handlers.o
 .PPC.EMB.apuinfo
                0x0000004c       0x18 ./Project_Settings/Startup_Code/interrupt_vectors.o
 .PPC.EMB.apuinfo
                0x00000064       0x18 ./Project_Settings/Startup_Code/startup_MPC5748G.o
 .PPC.EMB.apuinfo
                0x0000007c       0x18 ./SDK/platform/devices/MPC5748G/startup/system_MPC5748G.o
 .PPC.EMB.apuinfo
                0x00000094       0x18 ./SDK/platform/devices/startup.o
 .PPC.EMB.apuinfo
                0x000000ac       0x18 ./SDK/platform/drivers/src/clock/MPC57xx/clock_MPC57xx.o
 .PPC.EMB.apuinfo
                0x000000c4       0x18 ./SDK/platform/drivers/src/edma/edma_driver.o
 .PPC.EMB.apuinfo
                0x000000dc       0x18 ./SDK/platform/drivers/src/edma/edma_hw_access.o
 .PPC.EMB.apuinfo
                0x000000f4       0x18 ./SDK/platform/drivers/src/edma/edma_irq.o
 .PPC.EMB.apuinfo
                0x0000010c       0x18 ./SDK/platform/drivers/src/flexcan/flexcan_driver.o
 .PPC.EMB.apuinfo
                0x00000124       0x18 ./SDK/platform/drivers/src/flexcan/flexcan_hw_access.o
 .PPC.EMB.apuinfo
                0x0000013c       0x18 ./SDK/platform/drivers/src/flexcan/flexcan_irq.o
 .PPC.EMB.apuinfo
                0x00000154       0x18 ./SDK/platform/drivers/src/interrupt/interrupt_manager_MPC57xx.o
 .PPC.EMB.apuinfo
                0x0000016c       0x18 ./SDK/platform/drivers/src/pins/siul2/pins_siul2_driver.o
 .PPC.EMB.apuinfo
                0x00000184       0x18 ./SDK/platform/drivers/src/pins/siul2/siul2_hw_access.o
 .PPC.EMB.apuinfo
                0x0000019c       0x18 ./SDK/platform/pal/src/can/can_pal.o
 .PPC.EMB.apuinfo
                0x000001b4       0x18 ./SDK/rtos/osif/osif_baremetal.o
 .PPC.EMB.apuinfo
                0x000001cc       0x18 ./Sources/main.o
 .PPC.EMB.apuinfo
                0x000001e4       0x18 C:/NXP/S32DS_Power_v2.1/S32DS/build_tools/e200_ewl2/lib/e200z4/fp\libc99.a(memcpy.o)
 .PPC.EMB.apuinfo
                0x000001fc       0x18 C:/NXP/S32DS_Power_v2.1/S32DS/build_tools/e200_ewl2/lib/e200z4/fp\libc99.a(memset.o)
 .PPC.EMB.apuinfo
                0x00000214       0x18 C:/NXP/S32DS_Power_v2.1/S32DS/build_tools/e200_ewl2/lib/e200z4/fp\libc99.a(__filll_mem.o)
 .PPC.EMB.apuinfo
                0x0000022c       0x18 c:/nxp/s32ds_power_v2.1/s32ds/build_tools/powerpc-eabivle-4_9/bin/../lib/gcc/powerpc-eabivle/4.9.4/e200z4/fp\libgcc.a(e200crtresxgpr.o)
 .PPC.EMB.apuinfo
                0x00000244       0x18 c:/nxp/s32ds_power_v2.1/s32ds/build_tools/powerpc-eabivle-4_9/bin/../lib/gcc/powerpc-eabivle/4.9.4/e200z4/fp\libgcc.a(eabivle.o)
 .PPC.EMB.apuinfo
                0x0000025c       0x18 c:/nxp/s32ds_power_v2.1/s32ds/build_tools/powerpc-eabivle-4_9/bin/../lib/gcc/powerpc-eabivle/4.9.4/e200z4/fp/crtend.o
 .PPC.EMB.apuinfo
                0x00000274       0x18 c:/nxp/s32ds_power_v2.1/s32ds/build_tools/powerpc-eabivle-4_9/bin/../lib/gcc/powerpc-eabivle/4.9.4/e200z4/fp/ecrtn.o

.debug_info     0x00000000    0x27411
 .debug_info    0x00000000      0xefc ./Generated_Code/CAN_1.o
 .debug_info    0x00000efc     0x284a ./Generated_Code/clockMan1.o
 .debug_info    0x00003746      0x781 ./Generated_Code/pin_mux.o
 .debug_info    0x00003ec7       0xea ./Project_Settings/Startup_Code/core0_intc_sw_handlers.o
 .debug_info    0x00003fb1       0xe5 ./Project_Settings/Startup_Code/interrupt_vectors.o
 .debug_info    0x00004096       0xe0 ./Project_Settings/Startup_Code/startup_MPC5748G.o
 .debug_info    0x00004176     0x16bc ./SDK/platform/devices/MPC5748G/startup/system_MPC5748G.o
 .debug_info    0x00005832      0x393 ./SDK/platform/devices/startup.o
 .debug_info    0x00005bc5     0x680e ./SDK/platform/drivers/src/clock/MPC57xx/clock_MPC57xx.o
 .debug_info    0x0000c3d3     0x4b9d ./SDK/platform/drivers/src/edma/edma_driver.o
 .debug_info    0x00010f70     0x1715 ./SDK/platform/drivers/src/edma/edma_hw_access.o
 .debug_info    0x00012685      0x94b ./SDK/platform/drivers/src/edma/edma_irq.o
 .debug_info    0x00012fd0     0x676c ./SDK/platform/drivers/src/flexcan/flexcan_driver.o
 .debug_info    0x0001973c     0x1e81 ./SDK/platform/drivers/src/flexcan/flexcan_hw_access.o
 .debug_info    0x0001b5bd      0xb75 ./SDK/platform/drivers/src/flexcan/flexcan_irq.o
 .debug_info    0x0001c132     0x191c ./SDK/platform/drivers/src/interrupt/interrupt_manager_MPC57xx.o
 .debug_info    0x0001da4e     0x166c ./SDK/platform/drivers/src/pins/siul2/pins_siul2_driver.o
 .debug_info    0x0001f0ba      0x975 ./SDK/platform/drivers/src/pins/siul2/siul2_hw_access.o
 .debug_info    0x0001fa2f     0x22ff ./SDK/platform/pal/src/can/can_pal.o
 .debug_info    0x00021d2e     0x1c53 ./SDK/rtos/osif/osif_baremetal.o
 .debug_info    0x00023981     0x3702 ./Sources/main.o
 .debug_info    0x00027083      0x12e C:/NXP/S32DS_Power_v2.1/S32DS/build_tools/e200_ewl2/lib/e200z4/fp\libc99.a(memcpy.o)
 .debug_info    0x000271b1      0x125 C:/NXP/S32DS_Power_v2.1/S32DS/build_tools/e200_ewl2/lib/e200z4/fp\libc99.a(memset.o)
 .debug_info    0x000272d6      0x13b C:/NXP/S32DS_Power_v2.1/S32DS/build_tools/e200_ewl2/lib/e200z4/fp\libc99.a(__filll_mem.o)

.debug_abbrev   0x00000000     0x2bd7
 .debug_abbrev  0x00000000       0x87 ./Generated_Code/CAN_1.o
 .debug_abbrev  0x00000087      0x126 ./Generated_Code/clockMan1.o
 .debug_abbrev  0x000001ad      0x10c ./Generated_Code/pin_mux.o
 .debug_abbrev  0x000002b9       0x14 ./Project_Settings/Startup_Code/core0_intc_sw_handlers.o
 .debug_abbrev  0x000002cd       0x14 ./Project_Settings/Startup_Code/interrupt_vectors.o
 .debug_abbrev  0x000002e1       0x12 ./Project_Settings/Startup_Code/startup_MPC5748G.o
 .debug_abbrev  0x000002f3      0x16d ./SDK/platform/devices/MPC5748G/startup/system_MPC5748G.o
 .debug_abbrev  0x00000460      0x131 ./SDK/platform/devices/startup.o
 .debug_abbrev  0x00000591      0x3bf ./SDK/platform/drivers/src/clock/MPC57xx/clock_MPC57xx.o
 .debug_abbrev  0x00000950      0x3d1 ./SDK/platform/drivers/src/edma/edma_driver.o
 .debug_abbrev  0x00000d21      0x2c1 ./SDK/platform/drivers/src/edma/edma_hw_access.o
 .debug_abbrev  0x00000fe2      0x19f ./SDK/platform/drivers/src/edma/edma_irq.o
 .debug_abbrev  0x00001181      0x472 ./SDK/platform/drivers/src/flexcan/flexcan_driver.o
 .debug_abbrev  0x000015f3      0x395 ./SDK/platform/drivers/src/flexcan/flexcan_hw_access.o
 .debug_abbrev  0x00001988       0xae ./SDK/platform/drivers/src/flexcan/flexcan_irq.o
 .debug_abbrev  0x00001a36      0x285 ./SDK/platform/drivers/src/interrupt/interrupt_manager_MPC57xx.o
 .debug_abbrev  0x00001cbb      0x312 ./SDK/platform/drivers/src/pins/siul2/pins_siul2_driver.o
 .debug_abbrev  0x00001fcd      0x211 ./SDK/platform/drivers/src/pins/siul2/siul2_hw_access.o
 .debug_abbrev  0x000021de      0x2e1 ./SDK/platform/pal/src/can/can_pal.o